KataGo v1.8.2
Using koPOSITIONALscoreAREAtaxNONEsui0button1 rules initially, unless GTP/GUI overrides this
Loaded config configs/gtp_example.cfg and/or command-line and query overrides
Loaded model tests/models/g170-b6c96-s175395328-d26788732.bin.gz
Model name: g170-b6c96-s175395328-d26788732
GTP ready, beginning main protocol loop
MoveNum: 0 HASH: CDCBC1F514D7E680FACD226074256633
   A B C D E F G H J K L M N O P Q R S T
19 . . . . . . . . . . . . . . . . . . .
18 . . . . . . . . . . . . . . . . . . .
17 . . . . . . . . . . . . . . . . . . .
16 . . . . . . . . . . . . . . . . . . .
15 . . . . . . . . . . . . . . . . . . .
14 . . . . . . . . . . . . . . . . . . .
13 . . . . . . . . . . . . . . . . . . .
12 . . . . . . . . . . . . . . . . . . .
11 . . . . . . . . . . . . . . . . . . .
10 . . . . . . . . . . . . . . . . . . .
 9 . . . . . . . . . . . . . . . . . . .
 8 . . . . . . . . . . . . . . . . . . .
 7 . . . . . . . . . . . . . . . . . . .
 6 . . . . . . . . . . . . . . . . . . .
 5 . . . . . . . . . . . . . . . . . . .
 4 . . . . . . . . . . . . . . . . . . .
 3 . . . . . . . . . . . . . . . @ . . .
 2 . . . . . . . . . . . . . . . . . . .
 1 . . . . . . . . . . . . . . . . . . .

koPOSITIONALscoreAREAtaxNONEsui0button1komi7
Time taken: ###
Root visits: 100
New playouts: 100
NN rows: 96
NN batches: 96
NN avg batch size: 1
PV: Q3 R16 D3 D17
Tree:
: T   0.82c W   0.03c S   0.10c ( +0.1 L  +0.2) N     100  --  Q3 R16 D3 D17
---Black(^)---
Q3  : T   1.82c W   0.82c S   0.23c ( +0.3 L  +0.5) LCB   -6.02c P  9.03% WF  10.1 PSV      16 N      10  --  Q3 R16 D3 D17
C4  : T   1.62c W   0.26c S   0.08c ( +0.1 L  +0.1) LCB   -8.24c P  8.66% WF  10.1 PSV      10 N      10  --  C4 R16 D17 Q3
C16 : T   2.58c W   1.03c S   0.21c ( +0.3 L  +0.3) LCB   -7.43c P  7.98% WF  10.1 PSV      10 N      10  --  C16 D3 Q17 Q3
R4  : T   0.40c W  -0.31c S   0.05c ( +0.1 L  +0.2) LCB  -11.24c P  9.07% WF   9.0 PSV       9 N       9  --  R4 R16 D3 D17
Q17 : T   1.11c W   0.26c S   0.20c ( +0.3 L  +0.4) LCB  -10.18c P  8.96% WF   9.0 PSV       9 N       9  --  Q17 D3 D17 Q3
D3  : T   1.23c W   0.51c S   0.27c ( +0.4 L  +0.5) LCB  -10.54c P  8.50% WF   9.0 PSV       9 N       9  --  D3 R16 D17 Q3
D17 : T   0.83c W  -0.31c S   0.07c ( +0.1 L  +0.2) LCB  -12.57c P  8.03% WF   9.0 PSV       8 N       9  --  D17 D3 Q17 Q3
R16 : T   1.68c W   0.79c S   0.22c ( +0.3 L  +0.3) LCB  -11.72c P  7.52% WF   8.0 PSV       8 N       8  --  R16 D3 D17 Q3
Q4  : T   0.17c W  -0.36c S   0.01c ( +0.0 L  +0.1) LCB  -26.33c P  5.57% WF   5.0 PSV       5 N       5  --  Q4 D3 D17
D16 : T  -1.13c W  -1.35c S  -0.19c ( -0.3 L  -0.2) LCB -106.23c P  4.57% WF   3.9 PSV       4 N       4  --  D16 D3 Q17
