KataGo v1.10.0
Using TrompTaylor rules initially, unless GTP/GUI overrides this
Initializing board with boardXSize 19 boardYSize 19
Loaded config configs/gtp_example.cfg and/or command-line and query overrides
Loaded model tests/models/g170-b6c96-s175395328-d26788732.bin.gz
Model name: g170-b6c96-s175395328-d26788732
GTP ready, beginning main protocol loop
Initializing board with boardXSize 7 boardYSize 7
Changed rules to Chinese
MoveNum: 0 HASH: 534D5F4EAEDAD476890520B7CAD26FA0
   A B C D E F G
 7 . . . O X X .
 6 . O . O O X .
 5 . X O O X . .
 4 . O O . X . .
 3 . X O X X O X
 2 O O X X . X .
 1 . X @ . . . .

koSIMPLEscoreAREAtaxNONEsui0whbNfpok1komi5
Time taken: ###
Root visits: 100
New playouts: 100
NN rows: 40
NN batches: 40
NN avg batch size: 1
PV: C1 A3 A1 D4 F4 A5 pass pass
Tree:
: T  12.84c W  19.49c S  -2.53c ( +0.2 L  +0.1) N     100  --  C1 A3 A1 D4 F4 A5 pass
---Black(^)---
C1  : T  10.46c W  16.45c S  -2.58c ( +0.2 L  +0.1) LCB  -12.38c P 59.53% WF  52.9 PSV      54 N      54  --  C1 A3 A1 D4 F4 A5 pass pass
D4  : T  14.98c W  21.88c S  -2.68c ( +0.1 L  +0.1) LCB  -15.62c P 28.51% WF  41.3 PSV      40 N      40  --  D4 A3 C1 A1 F4 A5 pass pass
F4  : T   7.12c W  20.51c S  -1.70c ( +0.4 L  +0.1) LCB -497.34c P  7.30% WF   4.8 PSV       5 N       5  --  F4 D4 C1 A3
MoveNum: 1 HASH: 34B1D3797D2FA8D00BC2EF049CF46025
   A B C D E F G
 7 . . . O X X .
 6 . O . O O X .
 5 . X O O X . .
 4 . O O . X . .
 3 @ X O X X O X
 2 O O X X . X .
 1 . X X1. . . .

koSIMPLEscoreAREAtaxNONEsui0whbNfpok1komi5
Time taken: ###
Root visits: 100
New playouts: 46
NN rows: 10
NN batches: 10
NN avg batch size: 1
PV: A3 A1 D4 F4 A5 pass pass
Tree:
: T -11.76c W -13.96c S  -0.11c ( -0.1 L  -0.1) N     100  --  A3 A1 D4 F4 A5 pass pass
---White(^)---
A3  : T  -9.32c W -11.76c S   0.03c ( -0.1 L  -0.1) LCB  -25.51c P 61.77% WF  96.5 PSV      95 N      95  --  A3 A1 D4 F4 A5 pass pass
D4  : T -78.27c W -72.66c S  -3.37c ( -1.0 L  -0.8) LCB -280.00c P 21.84% WF   1.2 PSV       2 N       2  --  D4 A1
F5  : T -80.16c W -74.99c S  -5.17c ( -1.6 L  -1.6) LCB -280.00c P  2.29% WF   0.7 PSV       0 N       1  --  F5
A5  : T -97.38c W -92.20c S  -5.18c ( -1.5 L  -1.4) LCB -280.00c P  1.99% WF   0.6 PSV       0 N       1  --  A5
MoveNum: 2 HASH: DB228B71F0B041370F00D96E211C8706
   A B C D E F G
 7 . . . O X X .
 6 . O . O O X .
 5 . X O O X . .
 4 . O O . X . .
 3 O2. O X X O X
 2 O O X X . X .
 1 @ X X1. . . .

koSIMPLEscoreAREAtaxNONEsui0whbNfpok1komi5
Time taken: ###
Root visits: 100
New playouts: 5
NN rows: 2
NN batches: 2
NN avg batch size: 1
PV: A1 D4 F4 A5 pass pass
Tree:
: T   9.19c W  11.17c S   0.08c ( +0.1 L  +0.1) N     100  --  A1 D4 F4 A5 pass pass
---Black(^)---
A1  : T   7.79c W   9.90c S   0.17c ( +0.1 L  +0.1) LCB  -12.24c P 63.16% WF  57.4 PSV      58 N      58  --  A1 D4 F4 A5 pass pass
D4  : T  10.65c W  12.56c S  -0.06c ( +0.1 L  +0.0) LCB  -16.60c P 29.08% WF  40.9 PSV      40 N      40  --  D4 A1 F4 A5 pass pass
F4  : T -60.01c W -56.91c S  -3.11c ( -0.8 L  -0.7) LCB -280.00c P  5.22% WF   0.7 PSV       0 N       1  --  F4
MoveNum: 3 HASH: ACA44018D8C776243C920B1AB2891C47
   A B C D E F G
 7 . . . O X X .
 6 . O . O O X .
 5 . X O O X . .
 4 . O O @ X . .
 3 O2. O X X O X
 2 O O X X . X .
 1 X3X X1. . . .

koSIMPLEscoreAREAtaxNONEsui0whbNfpok1komi5
Time taken: ###
Root visits: 100
New playouts: 42
NN rows: 9
NN batches: 9
NN avg batch size: 1
PV: D4 F4 A5 pass pass
Tree:
: T  -6.75c W  -8.10c S  -0.07c ( -0.1 L  -0.1) N     100  --  D4 F4 A5 pass pass
---White(^)---
D4  : T  -3.55c W  -5.11c S   0.08c ( -0.1 L  -0.0) LCB  -14.81c P 66.24% WF  96.0 PSV      94 N      94  --  D4 F4 A5 pass pass
A5  : T -89.68c W -86.35c S  -3.33c ( -1.0 L  -0.8) LCB -280.00c P  7.78% WF   0.6 PSV       0 N       1  --  A5
F5  : T -70.99c W -67.39c S  -3.60c ( -1.1 L  -1.2) LCB -280.00c P  2.64% WF   0.7 PSV       0 N       1  --  F5
pss : T -101.55c W -95.17c S  -6.38c ( -1.8 L  -1.5) LCB -280.00c P  2.37% WF   0.6 PSV       0 N       1  --  pass
B3  : T -92.48c W -88.92c S  -3.56c ( -1.0 L  -0.9) LCB -280.00c P  2.34% WF   0.6 PSV       0 N       1  --  B3
A4  : T -98.48c W -93.39c S  -5.10c ( -1.5 L  -1.3) LCB -280.00c P  2.32% WF   0.6 PSV       0 N       1  --  A4
MoveNum: 5 HASH: FA804294DA0212079F6C04393DD0BE70
   A B C D E F G
 7 . . . O X X .
 6 . O . O O X .
 5 @ X O O X . .
 4 . O O O2X . .
 3 O . O X X O X
 2 O O X X . X .
 1 X1X X . . . .

koSIMPLEscoreAREAtaxNONEsui0whbNfpok1komi5
Time taken: ###
Root visits: 50
New playouts: 50
NN rows: 15
NN batches: 15
NN avg batch size: 1
PV: A5 F4 pass pass
Tree:
: T  -8.98c W  -6.04c S  -1.96c ( -0.0 L  -0.1) N      50  --  A5 F4 pass pass
---White(^)---
A5  : T  -2.91c W  -0.92c S  -1.91c ( -0.0 L  -0.0) LCB  -10.45c P 29.33% WF  41.0 PSV      39 N      39  --  A5 F4 pass pass
B3  : T -34.47c W -28.38c S  -1.55c ( +0.1 L  -0.2) LCB -280.00c P  8.75% WF   1.7 PSV       1 N       2  --  B3 F4
B7  : T -22.95c W -20.22c S  -2.73c ( -0.3 L  -0.3) LCB -280.00c P  8.95% WF   0.9 PSV       1 N       1  --  B7
A4  : T -22.82c W -19.77c S  -3.05c ( -0.3 L  -0.3) LCB -280.00c P  8.17% WF   0.9 PSV       1 N       1  --  A4
C6  : T -52.42c W -38.17c S  -2.33c ( -0.2 L  -0.4) LCB -280.00c P  9.41% WF   1.5 PSV       0 N       2  --  C6 F4
A6  : T -40.69c W -25.85c S  -2.16c ( -0.1 L  -0.3) LCB -280.00c P  5.22% WF   1.6 PSV       0 N       2  --  A6 F4
A7  : T -74.69c W -70.56c S  -4.13c ( -0.6 L  -0.6) LCB -280.00c P  8.65% WF   0.7 PSV       0 N       1  --  A7
C7  : T -59.33c W -55.34c S  -3.99c ( -0.6 L  -0.6) LCB -280.00c P  7.66% WF   0.7 PSV       0 N       1  --  C7
MoveNum: 6 HASH: FA804294DA0212079F6C04393DD0BE70
   A B C D E F G
 7 . . . O X X .
 6 . O . O O X .
 5 . X O O X . .
 4 . O O O1X @ .
 3 O . O X X O X
 2 O O X X . X .
 1 X X X . . . .

koSIMPLEscoreAREAtaxNONEsui0whbNfpok1komi5
Time taken: ###
Root visits: 50
New playouts: 50
NN rows: 0
NN batches: 0
NN avg batch size: -nan
PV: F4 A5 pass pass
Tree:
: T   4.35c W   8.56c S  -1.69c ( +0.1 L  +0.1) N      50  --  F4 A5 pass pass
---Black(^)---
F4  : T   7.25c W   9.82c S  -1.70c ( +0.1 L  +0.1) LCB  -14.48c P 55.86% WF  43.2 PSV      42 N      42  --  F4 A5 pass pass
F5  : T -26.18c W  -5.89c S  -1.58c ( +0.1 L  -0.0) LCB -280.00c P  7.21% WF   1.6 PSV       0 N       2  --  F5 A5
G5  : T -43.35c W -18.83c S  -2.74c ( -0.2 L  -0.2) LCB -280.00c P  5.56% WF   1.5 PSV       0 N       2  --  G5 A5
G4  : T -14.35c W   1.54c S  -1.37c ( +0.2 L  +0.1) LCB -280.00c P  4.55% WF   1.8 PSV       0 N       2  --  G4 A5
G2  : T  -8.57c W  -5.64c S  -2.93c ( -0.3 L  -0.1) LCB -280.00c P  3.59% WF   0.9 PSV       0 N       1  --  G2
Changed rules to TrompTaylor
MoveNum: 0 HASH: 534D5F4EAEDAD476890520B7CAD26FA0
   A B C D E F G
 7 . . . O X X .
 6 . O . O O X .
 5 . X O O X . .
 4 . O O . X . .
 3 . X O X X O X
 2 O O X X . X .
 1 . X @ . . . .

koPOSITIONALscoreAREAtaxNONEsui1komi5
Time taken: ###
Root visits: 100
New playouts: 100
NN rows: 40
NN batches: 40
NN avg batch size: 1
PV: C1 A3 A1 D4 F4 A5 pass pass
Tree:
: T  12.68c W  19.30c S  -2.52c ( +0.2 L  +0.1) N     100  --  C1 A3 A1 D4 F4 A5 pass
---Black(^)---
C1  : T  10.01c W  15.91c S  -2.58c ( +0.2 L  +0.1) LCB  -12.18c P 60.06% WF  53.7 PSV      55 N      55  --  C1 A3 A1 D4 F4 A5 pass pass
D4  : T  15.38c W  22.30c S  -2.65c ( +0.1 L  +0.1) LCB  -15.72c P 28.23% WF  40.5 PSV      39 N      39  --  D4 A3 C1 A1 F4 A5 pass pass
F4  : T   6.40c W  19.88c S  -1.68c ( +0.4 L  +0.1) LCB -501.66c P  7.07% WF   4.8 PSV       4 N       5  --  F4 D4 C1 A3
MoveNum: 1 HASH: 34B1D3797D2FA8D00BC2EF049CF46025
   A B C D E F G
 7 . . . O X X .
 6 . O . O O X .
 5 . X O O X . .
 4 . O O . X . .
 3 @ X O X X O X
 2 O O X X . X .
 1 . X X1. . . .

koPOSITIONALscoreAREAtaxNONEsui1komi5
Time taken: ###
Root visits: 100
New playouts: 45
NN rows: 9
NN batches: 9
NN avg batch size: 1
PV: A3 A1 D4 F4 A5 pass pass
Tree:
: T -11.01c W -13.21c S  -0.08c ( -0.1 L  -0.1) N     100  --  A3 A1 D4 F4 A5 pass pass
---White(^)---
A3  : T  -9.10c W -11.50c S   0.03c ( -0.1 L  -0.1) LCB  -25.00c P 62.75% WF  97.1 PSV      96 N      96  --  A3 A1 D4 F4 A5 pass pass
D4  : T -77.60c W -71.80c S  -3.35c ( -1.0 L  -0.8) LCB -280.00c P 21.55% WF   1.3 PSV       2 N       2  --  D4 A1
F5  : T -79.56c W -74.48c S  -5.08c ( -1.6 L  -1.6) LCB -280.00c P  2.24% WF   0.7 PSV       0 N       1  --  F5
MoveNum: 2 HASH: DB228B71F0B041370F00D96E211C8706
   A B C D E F G
 7 . . . O X X .
 6 . O . O O X .
 5 . X O O X . .
 4 . O O . X . .
 3 O2. O X X O X
 2 O O X X . X .
 1 @ X X1. . . .

koPOSITIONALscoreAREAtaxNONEsui1komi5
Time taken: ###
Root visits: 100
New playouts: 4
NN rows: 1
NN batches: 1
NN avg batch size: 1
PV: A1 D4 F4 A5 pass pass
Tree:
: T   9.03c W  10.98c S   0.10c ( +0.1 L  +0.1) N     100  --  A1 D4 F4 A5 pass pass
---Black(^)---
A1  : T   7.72c W   9.81c S   0.17c ( +0.1 L  +0.1) LCB  -12.22c P 63.19% WF  57.5 PSV      58 N      58  --  A1 D4 F4 A5 pass pass
D4  : T  10.39c W  12.24c S  -0.01c ( +0.1 L  +0.1) LCB  -16.53c P 29.12% WF  40.8 PSV      38 N      40  --  D4 A1 F4 A5 pass pass
F4  : T -61.68c W -58.57c S  -3.10c ( -0.8 L  -0.7) LCB -280.00c P  5.19% WF   0.7 PSV       0 N       1  --  F4
MoveNum: 3 HASH: ACA44018D8C776243C920B1AB2891C47
   A B C D E F G
 7 . . . O X X .
 6 . O . O O X .
 5 . X O O X . .
 4 . O O @ X . .
 3 O2. O X X O X
 2 O O X X . X .
 1 X3X X1. . . .

koPOSITIONALscoreAREAtaxNONEsui1komi5
Time taken: ###
Root visits: 100
New playouts: 42
NN rows: 8
NN batches: 8
NN avg batch size: 1
PV: D4 F4 A5 pass pass
Tree:
: T  -6.10c W  -7.48c S  -0.03c ( -0.1 L  -0.1) N     100  --  D4 F4 A5 pass pass
---White(^)---
D4  : T  -3.47c W  -5.00c S   0.09c ( -0.1 L  -0.0) LCB  -14.55c P 66.48% WF  96.6 PSV      95 N      95  --  D4 F4 A5 pass pass
A5  : T -89.74c W -86.37c S  -3.37c ( -1.0 L  -0.8) LCB -280.00c P  7.84% WF   0.6 PSV       0 N       1  --  A5
F5  : T -69.38c W -65.93c S  -3.45c ( -1.1 L  -1.2) LCB -280.00c P  2.60% WF   0.7 PSV       0 N       1  --  F5
pss : T -101.44c W -95.06c S  -6.38c ( -1.8 L  -1.5) LCB -280.00c P  2.49% WF   0.6 PSV       0 N       1  --  pass
B3  : T -92.00c W -88.50c S  -3.50c ( -1.0 L  -0.9) LCB -280.00c P  2.31% WF   0.6 PSV       0 N       1  --  B3
MoveNum: 5 HASH: FA804294DA0212079F6C04393DD0BE70
   A B C D E F G
 7 . . . O X X .
 6 . O . O O X .
 5 @ X O O X . .
 4 . O O O2X . .
 3 O . O X X O X
 2 O O X X . X .
 1 X1X X . . . .

koPOSITIONALscoreAREAtaxNONEsui1komi5
Time taken: ###
Root visits: 50
New playouts: 50
NN rows: 15
NN batches: 15
NN avg batch size: 1
PV: A5 F4 pass pass
Tree:
: T  -8.90c W  -5.90c S  -2.00c ( -0.0 L  -0.1) N      50  --  A5 F4 pass pass
---White(^)---
A5  : T  -3.06c W  -1.05c S  -1.96c ( -0.0 L  -0.0) LCB  -10.73c P 30.85% WF  40.9 PSV      39 N      39  --  A5 F4 pass pass
B3  : T -32.67c W -26.09c S  -1.53c ( +0.1 L  -0.2) LCB -280.00c P  8.44% WF   1.7 PSV       1 N       2  --  B3 F4
B7  : T -21.33c W -18.65c S  -2.69c ( -0.2 L  -0.3) LCB -280.00c P  8.79% WF   0.9 PSV       1 N       1  --  B7
A4  : T -24.00c W -20.92c S  -3.08c ( -0.3 L  -0.3) LCB -280.00c P  7.97% WF   0.9 PSV       1 N       1  --  A4
C6  : T -50.61c W -35.73c S  -2.30c ( -0.1 L  -0.4) LCB -280.00c P  9.22% WF   1.5 PSV       0 N       2  --  C6 F4
A6  : T -40.10c W -25.29c S  -2.17c ( -0.1 L  -0.3) LCB -280.00c P  5.01% WF   1.6 PSV       0 N       2  --  A6 F4
A7  : T -74.70c W -70.57c S  -4.13c ( -0.6 L  -0.6) LCB -280.00c P  8.63% WF   0.7 PSV       0 N       1  --  A7
C7  : T -58.04c W -54.03c S  -4.01c ( -0.6 L  -0.6) LCB -280.00c P  7.43% WF   0.8 PSV       0 N       1  --  C7
MoveNum: 6 HASH: FA804294DA0212079F6C04393DD0BE70
   A B C D E F G
 7 . . . O X X .
 6 . O . O O X .
 5 . X O O X . .
 4 . O O O1X @ .
 3 O . O X X O X
 2 O O X X . X .
 1 X X X . . . .

koPOSITIONALscoreAREAtaxNONEsui1komi5
Time taken: ###
Root visits: 50
New playouts: 50
NN rows: 2
NN batches: 2
NN avg batch size: 1
PV: F4 A5 pass pass
Tree:
: T   4.26c W   8.46c S  -1.68c ( +0.1 L  +0.1) N      50  --  F4 A5 pass pass
---Black(^)---
F4  : T   7.25c W   9.82c S  -1.68c ( +0.1 L  +0.1) LCB  -14.31c P 55.57% WF  43.2 PSV      42 N      42  --  F4 A5 pass pass
F5  : T -26.44c W  -5.89c S  -1.60c ( +0.1 L  -0.0) LCB -280.00c P  7.25% WF   1.6 PSV       0 N       2  --  F5 A5
G5  : T -43.91c W -19.42c S  -2.81c ( -0.2 L  -0.2) LCB -280.00c P  5.49% WF   1.4 PSV       0 N       2  --  G5 A5
G4  : T -14.66c W   1.06c S  -1.40c ( +0.2 L  +0.1) LCB -280.00c P  4.50% WF   1.8 PSV       0 N       2  --  G4 A5
G2  : T -11.22c W  -8.26c S  -2.96c ( -0.3 L  -0.1) LCB -280.00c P  3.60% WF   0.9 PSV       0 N       1  --  G2
