KataGo v1.8.2
Using koPOSITIONALscoreAREAtaxNONEsui0button1 rules initially, unless GTP/GUI overrides this
Loaded config configs/gtp_example.cfg and/or command-line and query overrides
Loaded model tests/models/g170-b6c96-s175395328-d26788732.bin.gz
Model name: g170-b6c96-s175395328-d26788732
GTP ready, beginning main protocol loop
MoveNum: 0 HASH: CDCBC1F514D7E680FACD226074256633
   A B C D E F G H J K L M N O P Q R S T
19 . . . . . . . . . . . . . . . . . . .
18 . . . . . . . . . . . . . . . . . . .
17 . . . . . . . . . . . . . . . . . . .
16 . . . . . . . . . . . . . . . . . . .
15 . . . . . . . . . . . . . . . . . . .
14 . . . . . . . . . . . . . . . . . . .
13 . . . . . . . . . . . . . . . . . . .
12 . . . . . . . . . . . . . . . . . . .
11 . . . . . . . . . . . . . . . . . . .
10 . . . . . . . . . . . . . . . . . . .
 9 . . . . . . . . . . . . . . . . . . .
 8 . . . . . . . . . . . . . . . . . . .
 7 . . . . . . . . . . . . . . . . . . .
 6 . . . . . . . . . . . . . . . . . . .
 5 . . . . . . . . . . . . . . . . . . .
 4 . . . . . . . . . . . . . . . . @ . .
 3 . . . . . . . . . . . . . . . . . . .
 2 . . . . . . . . . . . . . . . . . . .
 1 . . . . . . . . . . . . . . . . . . .

koPOSITIONALscoreAREAtaxNONEsui0button1komi5.5
Time taken: ###
Root visits: 100
New playouts: 100
NN rows: 96
NN batches: 96
NN avg batch size: 1
PV: R16 D3 C16 Q3
Tree:
: T   4.88c W   3.56c S   0.45c ( +1.3 L  +1.3) N     100  --  R16 D3 C16 Q3
---Black(^)---
R16 : T   6.58c W   4.63c S   0.64c ( +1.6 L  +1.6) LCB   -2.16c P  7.46% WF  10.1 PSV      17 N      10  --  R16 D3 C16 Q3
Q17 : T   5.68c W   4.15c S   0.61c ( +1.5 L  +1.6) LCB   -2.75c P  8.97% WF  11.1 PSV      11 N      11  --  Q17 D3 C16 Q3
C4  : T   5.62c W   3.67c S   0.49c ( +1.4 L  +1.4) LCB   -5.44c P  8.65% WF  10.0 PSV      10 N      10  --  C4 R16 D17 Q3
C16 : T   6.26c W   4.17c S   0.57c ( +1.5 L  +1.5) LCB   -4.57c P  8.25% WF  10.1 PSV      10 N      10  --  C16 D3 R16 Q3
Q3  : T   4.97c W   3.97c S   0.51c ( +1.4 L  +1.5) LCB   -7.82c P  9.00% WF   9.0 PSV       9 N       9  --  Q3 R16 D3 D17
R4  : T   4.25c W   3.28c S   0.34c ( +1.1 L  +1.3) LCB   -8.58c P  8.97% WF   8.9 PSV       9 N       9  --  R4 R16 D3 D17
D3  : T   5.18c W   4.07c S   0.55c ( +1.5 L  +1.6) LCB   -7.66c P  8.45% WF   9.0 PSV       9 N       9  --  D3 R16 D17 Q3
D17 : T   4.51c W   3.01c S   0.41c ( +1.2 L  +1.3) LCB  -14.07c P  8.17% WF   8.0 PSV       8 N       8  --  D17 D3 R16
Q4  : T   4.21c W   3.44c S   0.25c ( +1.0 L  +1.1) LCB  -25.35c P  5.55% WF   5.0 PSV       5 N       5  --  Q4 D3 D17
D16 : T   2.90c W   1.98c S   0.16c ( +0.9 L  +0.8) LCB -117.71c P  4.75% WF   3.9 PSV       4 N       4  --  D16 D3 Q17
MoveNum: 1 HASH: F19857B2A2B00E3CA2C67ECEB0719FCA
   A B C D E F G H J K L M N O P Q R S T
19 . . . . . . . . . . . . . . . . . . .
18 . . . . . . . . . . . . . . . . . . .
17 . . . . . . . . . . . . . . . @ . . .
16 . . . . . . . . . . . . . . . . . . .
15 . . . . . . . . . . . . . . . . . . .
14 . . . . . . . . . . . . . . . . . . .
13 . . . . . . . . . . . . . . . . . . .
12 . . . . . . . . . . . . . . . . . . .
11 . . . . . . . . . . . . . . . . . . .
10 . . . . . . . . . . . . . . . . . . .
 9 . . . . . . . . . . . . . . . . . . .
 8 . . . . . . . . . . . . . . . . . . .
 7 . . . . . . . . . . . . . . . . . . .
 6 . . . . . . . . . . . . . . . . . . .
 5 . . . . . . . . . . . . . . . . . . .
 4 . . . . . . . . . . . . . . . . X1. .
 3 . . . . . . . . . . . . . . . . . . .
 2 . . . . . . . . . . . . . . . . . . .
 1 . . . . . . . . . . . . . . . . . . .

koPOSITIONALscoreAREAtaxNONEsui0button1komi5.5
Time taken: ###
Root visits: 100
New playouts: 91
NN rows: 79
NN batches: 79
NN avg batch size: 1
PV: R16 D3 D17 D5
Tree:
: T  -4.75c W  -4.52c S  -0.37c ( -1.3 L  -1.4) N     100  --  R16 D3 D17 D5
---White(^)---
R16 : T  -4.21c W  -3.94c S  -0.23c ( -1.1 L  -1.2) LCB   -7.54c P 15.06% WF  18.1 PSV      21 N      18  --  R16 D3 D17 D5
D3  : T  -4.21c W  -4.08c S  -0.29c ( -1.2 L  -1.3) LCB   -7.71c P 14.85% WF  17.1 PSV      17 N      17  --  D3 Q17 D17 Q15
Q17 : T  -4.50c W  -4.43c S  -0.31c ( -1.2 L  -1.4) LCB   -8.54c P 10.42% WF  12.0 PSV      12 N      12  --  Q17 C4 D17 E4
D17 : T  -4.69c W  -4.77c S  -0.40c ( -1.3 L  -1.5) LCB  -11.04c P  9.93% WF  11.0 PSV      11 N      11  --  D17 Q17 D3
C4  : T  -4.51c W  -4.61c S  -0.40c ( -1.3 L  -1.4) LCB  -11.69c P  9.23% WF  10.0 PSV      10 N      10  --  C4 C16 Q17 E16
C16 : T  -4.32c W  -4.53c S  -0.41c ( -1.4 L  -1.5) LCB  -13.58c P  8.07% WF   9.0 PSV       9 N       9  --  C16 D3 Q17
Q4  : T  -5.41c W  -4.10c S  -0.51c ( -1.5 L  -1.8) LCB  -35.40c P  5.56% WF   6.0 PSV       6 N       6  --  Q4 Q3 D3 C16
Q16 : T  -6.46c W  -5.75c S  -0.48c ( -1.5 L  -1.5) LCB  -34.86c P  6.03% WF   4.9 PSV       5 N       5  --  Q16 D3 D17
D4  : T  -5.06c W  -4.98c S  -0.50c ( -1.5 L  -1.6) LCB  -35.22c P  5.16% WF   5.0 PSV       5 N       5  --  D4 C16 Q17
D16 : T  -6.52c W  -5.57c S  -0.57c ( -1.6 L  -1.6) LCB  -74.25c P  4.64% WF   4.0 PSV       4 N       4  --  D16 D3 Q17
MoveNum: 0 HASH: CDCBC1F514D7E680FACD226074256633
   A B C D E F G H J K L M N O P Q R S T
19 . . . . . . . . . . . . . . . . . . .
18 . . . . . . . . . . . . . . . . . . .
17 . . . . . . . . . . . . . . . . . . .
16 . . . . . . . . . . . . . . . . @ . .
15 . . . . . . . . . . . . . . . . . . .
14 . . . . . . . . . . . . . . . . . . .
13 . . . . . . . . . . . . . . . . . . .
12 . . . . . . . . . . . . . . . . . . .
11 . . . . . . . . . . . . . . . . . . .
10 . . . . . . . . . . . . . . . . . . .
 9 . . . . . . . . . . . . . . . . . . .
 8 . . . . . . . . . . . . . . . . . . .
 7 . . . . . . . . . . . . . . . . . . .
 6 . . . . . . . . . . . . . . . . . . .
 5 . . . . . . . . . . . . . . . . . . .
 4 . . . . . . . . . . . . . . . . . . .
 3 . . . . . . . . . . . . . . . . . . .
 2 . . . . . . . . . . . . . . . . . . .
 1 . . . . . . . . . . . . . . . . . . .

koPOSITIONALscoreAREAtaxNONEsui0button1komi5.5
Time taken: ###
Root visits: 100
New playouts: 100
NN rows: 0
NN batches: 0
NN avg batch size: -nan
PV: R16 D3 C16 Q3
Tree:
: T   4.88c W   3.56c S   0.45c ( +1.3 L  +1.3) N     100  --  R16 D3 C16 Q3
---Black(^)---
R16 : T   6.58c W   4.63c S   0.64c ( +1.6 L  +1.6) LCB   -2.16c P  7.46% WF  10.1 PSV      17 N      10  --  R16 D3 C16 Q3
Q17 : T   5.68c W   4.15c S   0.61c ( +1.5 L  +1.6) LCB   -2.75c P  8.97% WF  11.1 PSV      11 N      11  --  Q17 D3 C16 Q3
C4  : T   5.62c W   3.67c S   0.49c ( +1.4 L  +1.4) LCB   -5.44c P  8.65% WF  10.0 PSV      10 N      10  --  C4 R16 D17 Q3
C16 : T   6.26c W   4.17c S   0.57c ( +1.5 L  +1.5) LCB   -4.57c P  8.25% WF  10.1 PSV      10 N      10  --  C16 D3 R16 Q3
Q3  : T   4.97c W   3.97c S   0.51c ( +1.4 L  +1.5) LCB   -7.82c P  9.00% WF   9.0 PSV       9 N       9  --  Q3 R16 D3 D17
R4  : T   4.25c W   3.28c S   0.34c ( +1.1 L  +1.3) LCB   -8.58c P  8.97% WF   8.9 PSV       9 N       9  --  R4 R16 D3 D17
D3  : T   5.18c W   4.07c S   0.55c ( +1.5 L  +1.6) LCB   -7.66c P  8.45% WF   9.0 PSV       9 N       9  --  D3 R16 D17 Q3
D17 : T   4.51c W   3.01c S   0.41c ( +1.2 L  +1.3) LCB  -14.07c P  8.17% WF   8.0 PSV       8 N       8  --  D17 D3 R16
Q4  : T   4.21c W   3.44c S   0.25c ( +1.0 L  +1.1) LCB  -25.35c P  5.55% WF   5.0 PSV       5 N       5  --  Q4 D3 D17
D16 : T   2.90c W   1.98c S   0.16c ( +0.9 L  +0.8) LCB -117.71c P  4.75% WF   3.9 PSV       4 N       4  --  D16 D3 Q17
Changed rules to Chinese
MoveNum: 1 HASH: 48315B528346F7FF166D01D0584718A4
   A B C D E F G H J K L M N O P Q R S T
19 . . . . . . . . . . . . . . . . . . .
18 . . . . . . . . . . . . . . . . . . .
17 . . . . . . . . . . . . . . . . . . .
16 . . . . . . . . . . . . . . . . X1. .
15 . . . . . . . . . . . . . . . . . . .
14 . . . . . . . . . . . . . . . . . . .
13 . . . . . . . . . . . . . . . . . . .
12 . . . . . . . . . . . . . . . . . . .
11 . . . . . . . . . . . . . . . . . . .
10 . . . . . . . . . . . . . . . . . . .
 9 . . . . . . . . . . . . . . . . . . .
 8 . . . . . . . . . . . . . . . . . . .
 7 . . . . . . . . . . . . . . . . . . .
 6 . . . . . . . . . . . . . . . . . . .
 5 . . . . . . . . . . . . . . . . . . .
 4 . . . . . . . . . . . . . . . . . . .
 3 . . . . . . . . . . . . . . . @ . . .
 2 . . . . . . . . . . . . . . . . . . .
 1 . . . . . . . . . . . . . . . . . . .

koSIMPLEscoreAREAtaxNONEsui0whbNfpok1komi5.5
Time taken: ###
Root visits: 100
New playouts: 100
NN rows: 85
NN batches: 85
NN avg batch size: 1
PV: Q3 C16 C4 E16
Tree:
: T  -4.79c W  -4.81c S  -0.20c ( -1.4 L  -1.4) N     100  --  Q3 C16 C4 E16
---White(^)---
Q3  : T  -4.22c W  -4.38c S  -0.15c ( -1.3 L  -1.4) LCB   -7.55c P 11.84% WF  14.1 PSV      22 N      14  --  Q3 C16 C4 E16
D3  : T  -4.38c W  -4.39c S  -0.13c ( -1.3 L  -1.3) LCB   -7.60c P 13.91% WF  17.1 PSV      17 N      17  --  D3 C16 Q3 E16
R4  : T  -4.88c W  -4.88c S  -0.24c ( -1.5 L  -1.5) LCB   -8.97c P 12.72% WF  14.0 PSV      14 N      14  --  R4 C4 D17 E4
D17 : T  -4.78c W  -4.98c S  -0.19c ( -1.4 L  -1.4) LCB  -10.07c P 10.38% WF  12.0 PSV      12 N      12  --  D17 C4 Q3 E4
C16 : T  -4.10c W  -4.48c S  -0.13c ( -1.3 L  -1.2) LCB  -10.16c P  9.06% WF  11.1 PSV      11 N      11  --  C16 C4 Q3 E4
C4  : T  -4.58c W  -4.94c S  -0.24c ( -1.5 L  -1.4) LCB  -11.96c P  9.22% WF  10.0 PSV      10 N      10  --  C4 C16 Q3 E16
Q16 : T  -5.77c W  -4.70c S  -0.14c ( -1.3 L  -1.5) LCB  -25.16c P  7.21% WF   6.9 PSV       7 N       7  --  Q16 Q17 P17 R17
D16 : T  -6.14c W  -5.74c S  -0.39c ( -1.7 L  -1.7) LCB  -32.01c P  5.55% WF   5.0 PSV       5 N       5  --  D16 D3 Q3
D4  : T  -5.35c W  -5.40c S  -0.37c ( -1.6 L  -1.6) LCB  -36.28c P  5.36% WF   5.0 PSV       5 N       5  --  D4 C16 Q3
Q4  : T  -5.88c W  -5.53c S  -0.31c ( -1.6 L  -1.5) LCB  -59.60c P  4.77% WF   4.0 PSV       4 N       4  --  Q4 C16 D3
