KataGo v1.8.2
Using TrompTaylor rules initially, unless GTP/GUI overrides this
Loaded config configs/gtp_example.cfg and/or command-line and query overrides
Loaded model tests/models/g170-b6c96-s175395328-d26788732.bin.gz
Model name: g170-b6c96-s175395328-d26788732
GTP ready, beginning main protocol loop
MoveNum: 0 HASH: 39275211CAB1A1C57EBA614CCCEA92D2
   A B C D E F G H J K L M N O P Q R S T
19 . . . . . . . . . . . . . . . . . . .
18 . . . . . . . . . . . . . . . . . . .
17 . . . . . . . . . . . . . . . . . . .
16 . . . X . . . . . . . . . . . X . . .
15 . . . . . . . . . . . . . . . . . . .
14 . . . . . . . . . . . . . . . . . . .
13 . . . . . . . . . . . . . . . . . . .
12 . . . @ . . . . . . . . . . . . . . .
11 . . . . . . . . . . . . . . . . . . .
10 . . . X . . . . . X . . . . . X . . .
 9 . . . . . . . . . . . . . . . . . . .
 8 . . . . . . . . . . . . . . . . . . .
 7 . . . . . . . . . . . . . . . . . . .
 6 . . . . . . . . . . . . . . . . . . .
 5 . . . . . . . . . . . . . . . . . . .
 4 . . . X . . . . . . . . . . . X . . .
 3 . . . . . . . . . . . . . . . . . . .
 2 . . . . . . . . . . . . . . . . . . .
 1 . . . . . . . . . . . . . . . . . . .

koPOSITIONALscoreAREAtaxNONEsui1komi7.5
Time taken: ###
Root visits: 100
New playouts: 100
NN rows: 100
NN batches: 100
NN avg batch size: 1
PlayoutDoublingAdvantage: 2.75
PV: D12 D7 F17 F16 G16
Tree:
: T -94.92c W -85.39c S  -8.68c (-30.3 L -29.7) N     100  --  D12 D7 F17 F16 G16
---White(^)---
D12 : T -94.07c W -84.96c S  -8.21c (-29.6 L -29.0) LCB -104.65c P  6.09% WF  12.1 PSV      20 N      12  --  D12 D7 F17 F16 G16
O17 : T -94.12c W -84.77c S  -8.55c (-30.1 L -29.5) LCB -118.70c P  5.49% WF  10.1 PSV      10 N      10  --  O17 Q13 C14 F17 D8
Q12 : T -94.93c W -85.24c S  -8.58c (-30.3 L -29.7) LCB -121.85c P  5.45% WF   9.0 PSV       9 N       9  --  Q12 Q7 O16 Q14 O12
F16 : T -96.04c W -86.30c S  -9.23c (-31.1 L -30.5) LCB -119.45c P  5.43% WF   7.9 PSV       8 N       8  --  F16 C13 R14 O17
R12 : T -94.07c W -84.57c S  -8.38c (-29.9 L -29.6) LCB -133.99c P  3.29% WF   7.0 PSV       7 N       7  --  R12 Q7 O16 R14
F17 : T -96.71c W -85.63c S  -9.17c (-31.0 L -30.4) LCB -139.60c P  4.99% WF   5.9 PSV       6 N       6  --  F17 C13 R14
C12 : T -93.94c W -84.69c S  -8.42c (-29.9 L -29.4) LCB -176.61c P  2.62% WF   5.0 PSV       5 N       5  --  C12 F17 R14
D6  : T -92.71c W -84.11c S  -8.30c (-29.8 L -29.0) LCB -128.31c P  2.25% WF   5.1 PSV       5 N       5  --  D6 F4 D12
D13 : T -92.44c W -83.90c S  -7.90c (-29.3 L -28.9) LCB -132.59c P  1.63% WF   5.1 PSV       5 N       5  --  D13 F17 D8 F3
D8  : T -93.81c W -85.36c S  -8.34c (-29.9 L -29.3) LCB -137.43c P  2.39% WF   4.0 PSV       4 N       4  --  D8 D13 F3 F4
MoveNum: 0 HASH: 31C5C7E1B1B3BA804B970B13D0FAC7AF
   A B C D E F G H J K L M N O P Q R S T
19 . . . . . . . . . . . . . . . . . . .
18 . . . . . . . . . . . . . . . . . . .
17 . . . . . . . . . . . . . . . X . . .
16 . . . X . . . . . . . . . . . . . . .
15 . . . . . . . . . . . . . . . . . . .
14 . . . . . . . . . . . . . . . . . . .
13 . . . . . . . . . . . . . . . . . . .
12 . . . . . . . . . . . . . . . . . . .
11 . . . . . . . . . . . . . . . . . . .
10 . . . . . . . . . . . . . . . . . . .
 9 . . . . . . . . . . . . . . . . . . .
 8 . . . . . . . . . . . . . . . . . . .
 7 . . . . . . . . . . . . . . . . . . .
 6 . . . . . . . . . . . . . . . . . . .
 5 . . . . . . . . . . . . . . . . . . .
 4 . . X . . . . . . . . . . . . . . . .
 3 . . . . . . . . . . . . . . . @ . . .
 2 . . . . . . . . . . . . . . . . . . .
 1 . . . . . . . . . . . . . . . . . . .

koPOSITIONALscoreAREAtaxNONEsui1komi7.5
Time taken: ###
Root visits: 100
New playouts: 100
NN rows: 87
NN batches: 87
NN avg batch size: 1
PlayoutDoublingAdvantage: 1.125
PV: Q3 Q4 R4 R5 R3 E4
Tree:
: T -49.41c W -45.47c S  -4.23c (-12.8 L -13.3) N     100  --  Q3 Q4 R4 R5 R3 E4
---White(^)---
Q3  : T -48.71c W -45.09c S  -4.11c (-12.6 L -13.2) LCB  -52.91c P 28.20% WF  35.2 PSV      44 N      35  --  Q3 Q4 R4 R5 R3 E4
R4  : T -48.68c W -45.12c S  -4.19c (-12.7 L -13.3) LCB  -53.21c P 32.14% WF  40.3 PSV      40 N      40  --  R4 Q4 Q3 R5 R3 E4
Q4  : T -51.43c W -46.95c S  -4.43c (-13.1 L -13.5) LCB  -57.13c P 13.17% WF  11.8 PSV      12 N      12  --  Q4 Q15 E3 D3 E4
Q16 : T -52.29c W -46.66c S  -4.57c (-13.3 L -13.9) LCB -109.31c P  6.97% WF   5.9 PSV       6 N       6  --  Q16 R16 P17 R17
D4  : T -53.89c W -47.97c S  -4.75c (-13.6 L -14.2) LCB -127.47c P  7.08% WF   5.8 PSV       5 N       6  --  D4 D3 E3 C3
MoveNum: 2 HASH: 026B39E226E1EAC8E8EE88ACE7D25975
   A B C D E F G H J K L M N O P Q R S T
19 . . . . . . . . . . . . . . . . . . .
18 . . . . . . . . . . . . . . . . . . .
17 . . . . . . . . . . . . . . . X . . .
16 . . . X . . . . . . . . . . . . . . .
15 . . . . . . . . . . . . . . . . @ . .
14 . . . . . . . . . . . . . . . . . . .
13 . . . . . . . . . . . . . . . . . . .
12 . . . . . . . . . . . . . . . . . . .
11 . . . . . . . . . . . . . . . . . . .
10 . . . . . . . . . . . . . . . . . . .
 9 . . . . . . . . . . . . . . . . . . .
 8 . . . . . . . . . . . . . . . . . . .
 7 . . . . . . . . . . . . . . . . . . .
 6 . . . . . . . . . . . . . . . . . . .
 5 . . . . . . . . . . . . . . . . . . .
 4 . . X . . . . . . . . . . . . . . . .
 3 . . . . . . . . . . . . . . . O1. . .
 2 . . . . . . . . . . . . . . . . . . .
 1 X2. . . . . . . . . . . . . . . . . .

koPOSITIONALscoreAREAtaxNONEsui1komi7.5
Time taken: ###
Root visits: 100
New playouts: 100
NN rows: 97
NN batches: 97
NN avg batch size: 1
PlayoutDoublingAdvantage: 1
PV: R15 R16 Q15 O16 Q16 R17
Tree:
: T  -0.50c W   0.30c S  -0.58c ( -0.7 L  -0.9) N     100  --  R15 R16 Q15 O16 Q16 R17
---White(^)---
R15 : T   0.87c W   1.67c S  -0.32c ( -0.3 L  -0.5) LCB   -2.14c P 20.29% WF  29.4 PSV      51 N      29  --  R15 R16 Q15 O16 Q16 R17
Q5  : T   0.34c W   0.84c S  -0.62c ( -0.8 L  -0.9) LCB   -3.63c P 12.95% WF  18.1 PSV      17 N      18  --  Q5 Q15 E3 D3 E4 D6
Q16 : T  -2.96c W  -1.43c S  -0.76c ( -1.0 L  -1.1) LCB   -9.06c P 18.14% WF  16.6 PSV      17 N      17  --  Q16 R16 P17 R17 D4 D3
D4  : T  -1.71c W  -1.02c S  -0.79c ( -1.0 L  -1.3) LCB   -5.20c P 15.43% WF  15.8 PSV      16 N      16  --  D4 D3 C5 C3 R15 R5
Q15 : T   1.01c W   1.28c S  -0.38c ( -0.4 L  -0.5) LCB   -6.32c P  7.82% WF  11.1 PSV      11 N      11  --  Q15 E4 R17 R18
E3  : T  -1.06c W  -0.42c S  -0.69c ( -0.9 L  -0.9) LCB  -32.71c P  4.90% WF   5.0 PSV       5 N       5  --  E3 Q15 D5
C17 : T  -2.98c W  -1.76c S  -0.95c ( -1.3 L  -1.3) LCB -280.00c P  2.85% WF   2.0 PSV       2 N       2  --  C17 C16
D3  : T  -9.03c W  -6.65c S  -2.37c ( -3.3 L  -3.9) LCB -280.00c P  1.68% WF   1.0 PSV       1 N       1  --  D3
MoveNum: 4 HASH: 76B39503983B748D2483B1D5CEF9C2ED
   A B C D E F G H J K L M N O P Q R S T
19 . . . . . . . . . . . . . . . . . . .
18 . . . . . . . . . . . . . . . . . . .
17 . . . . . . . . . . . . . . . X . . .
16 . . . X . . . . . . . . . . . . . . .
15 . . . . . . . . . . . . . . . . O2. .
14 . . . . . . . . . . . . . . . . . . .
13 . . . . . . . . . . . . . . . . . . .
12 . . . . . . . . . . . . . . . . . . .
11 . . . . . . . . . . . . . . . . . . .
10 . . . . . . . . . . . . . . . . . . .
 9 . . . . . . . . . . . . . . . . . . .
 8 . . . . . . . . . . . . . . . . . . .
 7 . . . . . . . . . . . . . . . . . . .
 6 . . . . . . . . . . . . . . . . . . .
 5 . . . . . . . . . . . . . . . @ . . .
 4 . . X . . . . . . . . . . . . . . . .
 3 . . . . . . . . . . . . . . . O . . .
 2 . . . . . . . . . . . . . . . . . . .
 1 X1. X3. . . . . . . . . . . . . . . .

koPOSITIONALscoreAREAtaxNONEsui1komi7.5
Time taken: ###
Root visits: 100
New playouts: 100
NN rows: 99
NN batches: 99
NN avg batch size: 1
PlayoutDoublingAdvantage: 0.875
PV: Q5 R16 Q15 O16 R11 K4 M17
Tree:
: T  30.89c W  29.00c S   2.36c ( +7.2 L  +7.3) N     100  --  Q5 R16 Q15 O16 R11 K4 M17
---White(^)---
Q5  : T  32.10c W  30.04c S   2.45c ( +7.4 L  +7.5) LCB   26.56c P 33.18% WF  48.5 PSV      62 N      48  --  Q5 R16 Q15 O16 R11 K4 M17
P16 : T  30.82c W  28.93c S   2.39c ( +7.3 L  +7.4) LCB   22.16c P 27.00% WF  32.9 PSV      33 N      33  --  P16 P17 O16 N17 Q5 N16 R12 K3
C17 : T  30.06c W  27.04c S   2.33c ( +7.2 L  +7.1) LCB   14.86c P  7.64% WF   8.9 PSV       8 N       9  --  C17 C16 D17 E16
N17 : T  28.52c W  27.25c S   2.24c ( +7.1 L  +6.9) LCB -280.00c P  2.19% WF   2.0 PSV       2 N       2  --  N17 Q15
O17 : T  25.82c W  25.57c S   1.92c ( +6.6 L  +6.2) LCB -280.00c P  2.34% WF   1.9 PSV       1 N       2  --  O17 Q15
R5  : T  25.87c W  27.19c S   1.71c ( +6.3 L  +6.2) LCB -280.00c P  1.77% WF   1.9 PSV       1 N       2  --  R5 R16
D4  : T  22.35c W  23.86c S   1.31c ( +5.7 L  +5.3) LCB -280.00c P  1.62% WF   1.9 PSV       1 N       2  --  D4 C5
R17 : T  30.67c W  28.22c S   2.45c ( +7.3 L  +6.2) LCB -280.00c P  1.63% WF   1.0 PSV       1 N       1  --  R17
MoveNum: 6 HASH: 1A76A81A096EC32DA7CA1C2F74351579
   A B C D E F G H J K L M N O P Q R S T
19 . . . . . . . . . . . . . . . . . . .
18 . . . . . . . . . . . . . . . . . . .
17 . . . . . . . . . . . . . . . X . . .
16 . . . X . . . . . . . . . . . . . . .
15 . . . . . . . . . . . . . . . . O . .
14 . . . . . . . . . . . . . . . . . . .
13 . . . . . . . . . . . . . . . . . . .
12 . . . . . . . . . . . . . . . . . . .
11 . . . . . . . . . . . . . . . . . . .
10 . . . . . . . . . . . . . . . . . . .
 9 . . . . . . . . . . . . . . . . . . .
 8 . . . . . . . . . . . . . . . . . . .
 7 . . . . . . . . . . . . . . . . . . .
 6 . . . . . . . . . . . . . . . . . . .
 5 . . . . . . . . . . . . . . . O2. . .
 4 . . X . . . . . @ . . . . . . . . . .
 3 . . . . . . . . . . . . . . . O . . .
 2 . . . . . . . . . . . . . . . . . . .
 1 X X3X1. . . . . . . . . . . . . . . .

koPOSITIONALscoreAREAtaxNONEsui1komi7.5
Time taken: ###
Root visits: 100
New playouts: 100
NN rows: 100
NN batches: 100
NN avg batch size: 1
PlayoutDoublingAdvantage: 0.75
PV: J4 R16 Q15 O16 R11 L3
Tree:
: T  59.11c W  56.07c S   3.35c (+14.5 L +14.4) N     100  --  J4 R16 Q15 O16 R11 L3
---White(^)---
J4  : T  63.03c W  59.13c S   3.86c (+15.2 L +15.1) LCB   60.05c P  8.71% WF  20.7 PSV     115 N      20  --  J4 R16 Q15 O16 R11 L3
P16 : T  58.96c W  56.11c S   3.30c (+14.4 L +14.4) LCB   55.09c P 28.76% WF  34.9 PSV      35 N      35  --  P16 P17 O16 N17 J4 N16 N15 M15
C17 : T  55.40c W  52.72c S   3.31c (+14.5 L +14.6) LCB   42.39c P 11.48% WF  10.6 PSV      10 N      11  --  C17 C16 D17 E17 E18 F18
J3  : T  61.45c W  57.72c S   3.62c (+14.9 L +14.5) LCB   54.41c P  5.89% WF  10.2 PSV      10 N      10  --  J3 R16 Q15 O16 R11
D5  : T  58.32c W  55.23c S   3.06c (+14.0 L +13.8) LCB   36.16c P  6.05% WF   6.0 PSV       6 N       6  --  D5 C5 P16 P17
K4  : T  60.44c W  57.00c S   3.33c (+14.4 L +14.3) LCB   20.55c P  3.08% WF   4.0 PSV       4 N       4  --  K4 R16 Q15
N17 : T  56.37c W  53.61c S   2.89c (+13.8 L +13.4) LCB   30.70c P  3.41% WF   2.9 PSV       3 N       3  --  N17 Q15 Q14
O17 : T  54.37c W  52.28c S   2.81c (+13.7 L +13.5) LCB -280.00c P  3.15% WF   1.9 PSV       2 N       2  --  O17 Q15
K3  : T  56.78c W  55.00c S   2.85c (+13.7 L +13.4) LCB -280.00c P  2.84% WF   2.0 PSV       2 N       2  --  K3 R16
R17 : T  54.39c W  52.16c S   2.86c (+13.8 L +13.7) LCB -280.00c P  2.49% WF   1.9 PSV       2 N       2  --  R17 R18
MoveNum: 1 HASH: 1AF8E45BE7BCD0CF2B21050C98540B8D
   A B C D E F G H J K L M N O P Q R S T
19 . . . . . . . . . . . . . . . . . . .
18 . . . . . . . . . . . . . . . . . . .
17 . . . X . . . . . . . . . . . . . . .
16 . . . . . . . . . . . . . . . X . . .
15 . . . @ . . . . . . . . . . . . . . .
14 . . . . . . . . . . . . . . . . . . .
13 . . . . . . . . . . . . . . . . . . .
12 . . . . . . . . . . . . . . . . . . .
11 . . . . . . . . . . . . . . . . . . .
10 . . . . . . . . . . . . . . . . . . .
 9 . . . . . . . . . . . . . . . . . . .
 8 . . . . . . . . . . . . . . . . . . .
 7 . . . . . . . . . . . . . . . . . . .
 6 . . . . . . . . . . . . . . . . . . .
 5 . . . . . . . . . . . . . . . . . . .
 4 . . X . . . . . . . . . . . . O1. . .
 3 . . . . . . . . . . . . . . . . . . .
 2 . . . . . . . . . . . . . . . . . . .
 1 . . . . . . . . . . . . . . . . . . .

koPOSITIONALscoreAREAtaxNONEsui1komi7.5
Time taken: ###
Root visits: 100
New playouts: 100
NN rows: 97
NN batches: 97
NN avg batch size: 1
PlayoutDoublingAdvantage: -1.125
PV: D15 E3 D3 E4 C6 D5 C5
Tree:
: T  48.90c W  46.19c S   2.86c (+12.8 L +13.2) N     100  --  D15 E3 D3 E4 C6 D5 C5
---Black(^)---
D15 : T  49.52c W  46.66c S   2.94c (+13.0 L +13.4) LCB   44.30c P 30.12% WF  36.3 PSV      54 N      36  --  D15 E3 D3 E4 C6 D5 C5
E4  : T  47.15c W  44.80c S   2.59c (+12.4 L +12.9) LCB   40.26c P 28.63% WF  27.5 PSV      27 N      28  --  E4 C15 C16 D15 F17 E16 E17
C15 : T  49.28c W  46.97c S   2.89c (+12.9 L +13.1) LCB   37.99c P 10.75% WF  13.1 PSV      12 N      13  --  C15 E3 D3 E4 C6 J4 R3
E3  : T  51.65c W  48.80c S   3.16c (+13.3 L +13.5) LCB   37.97c P  5.95% WF   9.2 PSV       9 N       9  --  E3 C15 C16 D15 F17 R17
R3  : T  47.23c W  42.96c S   2.79c (+12.8 L +13.0) LCB  -13.93c P  6.98% WF   5.9 PSV       6 N       6  --  R3 D4 D3
C14 : T  50.52c W  47.64c S   3.15c (+13.3 L +13.5) LCB   40.66c P  3.72% WF   5.1 PSV       5 N       5  --  C14 E3 D3 E4
F3  : T  47.92c W  46.12c S   2.88c (+12.9 L +13.1) LCB -280.00c P  1.84% WF   2.0 PSV       1 N       2  --  F3 C15
MoveNum: 1 HASH: 29B4CBD3782FFC0779C046875E5F2DAE
   A B C D E F G H J K L M N
13 . . . . . . . . . . . . .
12 . . . . . . . . . . . . .
11 . . . . . . . . . . . . .
10 . . . X . . . . . X . . .
 9 . . . . . . . . . . . . .
 8 . . . . . . . . . . . . .
 7 . . . . . . . . . . . . .
 6 . . . . . . . . . . . . .
 5 . . . . . . . . . @ . . .
 4 . . . X . . . . . O1. . .
 3 . . . . . . . . . . . . .
 2 . . . . . . . . . . . . .
 1 . . . . . . . . . . . . .

koPOSITIONALscoreAREAtaxNONEsui1komi7.5
Time taken: ###
Root visits: 100
New playouts: 100
NN rows: 100
NN batches: 100
NN avg batch size: 1
PlayoutDoublingAdvantage: -2.125
PV: J4 K3 K5 J5 J3
Tree:
: T  65.81c W  63.83c S   2.53c ( +9.9 L +10.3) N     100  --  J4 K3 K5 J5 J3
---Black(^)---
J4  : T  70.72c W  68.70c S   3.04c (+10.3 L +10.7) LCB   59.64c P  3.13% WF  10.4 PSV      20 N      10  --  J4 K3 K5 J5 J3
K5  : T  69.24c W  67.20c S   2.77c (+10.1 L +10.6) LCB   59.60c P  7.77% WF  20.6 PSV      20 N      20  --  K5 L5 L6 L4 K6 H4
L3  : T  68.87c W  65.44c S   3.32c (+10.7 L +10.8) LCB   58.72c P  4.61% WF   9.2 PSV       9 N       9  --  L3 L4 K3 J3 J2
L7  : T  68.20c W  65.01c S   3.00c (+10.3 L +10.7) LCB   44.27c P  4.42% WF   8.1 PSV       8 N       8  --  L7 C6 G3 F11
K7  : T  65.11c W  63.39c S   2.51c ( +9.8 L +10.2) LCB   42.87c P  6.63% WF   6.9 PSV       7 N       7  --  K7 C6 F3 F11
K3  : T  65.39c W  63.98c S   2.50c ( +9.8 L +10.1) LCB  -31.43c P  4.02% WF   5.0 PSV       5 N       5  --  K3 J3 L4
L6  : T  67.43c W  65.17c S   2.96c (+10.3 L +10.6) LCB    0.70c P  2.85% WF   5.0 PSV       5 N       5  --  L6 F3 D7
D7  : T  58.56c W  58.73c S   0.90c ( +8.3 L  +9.0) LCB  -26.45c P  5.69% WF   3.8 PSV       4 N       4  --  D7 H11 J11
G3  : T  66.60c W  63.92c S   2.75c (+10.1 L +10.5) LCB  -45.64c P  2.48% WF   4.0 PSV       4 N       4  --  G3 H11 L7
G10 : T  60.75c W  59.49c S   1.76c ( +9.1 L  +9.7) LCB -126.89c P  4.46% WF   3.9 PSV       3 N       4  --  G10 C6 F3
MoveNum: 2 HASH: 952E47D2E85DBDA87BA99675379189CA
   A B C D E F G H J K L M N
13 . . . . . . . . . . . . .
12 . . . . . . . . . . . . .
11 . . . . . . . . . . . . .
10 . . . X . . . . . X . . .
 9 . . . . . . . . . . . . .
 8 . . . . . . . . . . . . .
 7 . . . . . . . . . . . . .
 6 . . . . . . . . . . . . .
 5 . . . . . . . . . X2. . .
 4 . . . X . . . . . O1@ . .
 3 . . . . . . . . . . . . .
 2 . . . . . . . . . . . . .
 1 . . . . . . . . . . . . .

koPOSITIONALscoreAREAtaxNONEsui1komi7.5
Time taken: ###
Root visits: 100
New playouts: 100
NN rows: 80
NN batches: 80
NN avg batch size: 1
PlayoutDoublingAdvantage: 2.125
PV: L4 J4 J5 L5 H5 J3 M5 M6
Tree:
: T -66.95c W -64.28c S  -3.21c ( -9.6 L -10.1) N     100  --  L4 J4 J5 L5 H5 J3 M5
---White(^)---
L4  : T -64.19c W -62.23c S  -2.82c ( -9.3 L  -9.9) LCB  -69.60c P 34.41% WF  53.5 PSV      83 N      52  --  L4 J4 J5 L5 H5 J3 M5 M6
L5  : T -67.94c W -65.09c S  -3.29c ( -9.7 L -10.1) LCB  -75.30c P 35.56% WF  36.4 PSV      35 N      37  --  L5 J4 K3 L6 K6 J5 L7 M6
J4  : T -77.59c W -71.36c S  -4.66c (-11.0 L -11.3) LCB -135.29c P 12.52% WF   5.5 PSV       6 N       6  --  J4 L4 L3 L5 M3
J5  : T -81.93c W -76.08c S  -5.90c (-12.3 L -12.4) LCB -186.13c P 10.26% WF   3.6 PSV       4 N       4  --  J5 L4 L3 L5
MoveNum: 3 HASH: 631C64617B2072307DD8F2E6E41A3D6C
   A B C D E F G H J K L M N
13 . . . . . . . . . . . . .
12 . . . . . . . . . . . . .
11 . . . . . . . . . . . . .
10 . . . X . . . . . X . . .
 9 . . . . . . . . . . . . .
 8 . . . . . . . . . . . . .
 7 . . . . . . . . . . . . .
 6 . . . . . . . . . . . . .
 5 . . . . . . . . @ X2. . .
 4 . . . X . . . . . O1O3. .
 3 . . . . . . . . . . . . .
 2 . . . . . . . . . . . . .
 1 . . . . . . . . . . . . .

koPOSITIONALscoreAREAtaxNONEsui1komi7.5
Time taken: ###
Root visits: 100
New playouts: 100
NN rows: 47
NN batches: 47
NN avg batch size: 1
PlayoutDoublingAdvantage: -2.125
PV: J4 J5 L5 H5 J3 M5 M6
Tree:
: T  64.36c W  61.85c S   3.11c ( +9.2 L  +9.7) N     100  --  J4 J5 L5 H5 J3 M5 M6
---Black(^)---
J4  : T  65.77c W  62.90c S   3.69c ( +9.8 L  +9.9) LCB   57.68c P 22.89% WF  38.5 PSV      45 N      38  --  J4 J5 L5 H5 J3 M5 M6
J5  : T  64.35c W  62.05c S   2.88c ( +8.9 L  +9.9) LCB   54.54c P 21.56% WF  28.9 PSV      29 N      29  --  J5 H3 G4 H4 H5 D11 C11 E11
H5  : T  65.69c W  62.84c S   2.95c ( +9.0 L +10.0) LCB   47.83c P  8.92% WF  15.1 PSV      15 N      15  --  H5 H3 L5 C6 J4
F3  : T  59.94c W  58.11c S   2.45c ( +8.6 L  +9.1) LCB  -23.71c P  4.52% WF   3.9 PSV       4 N       4  --  F3 H11 F11
D7  : T  58.12c W  57.45c S   1.02c ( +7.2 L  +8.1) LCB -1029.09c P  4.58% WF   2.9 PSV       3 N       3  --  D7 J5
L5  : T  60.79c W  59.92c S   2.81c ( +8.9 L  +9.1) LCB -312.30c P  2.94% WF   2.9 PSV       2 N       3  --  L5 J5 J6
G10 : T  56.92c W  54.67c S   2.25c ( +8.4 L  +8.7) LCB -280.00c P  2.77% WF   1.0 PSV       1 N       1  --  G10
E11 : T  59.43c W  57.28c S   2.16c ( +8.3 L  +8.8) LCB -280.00c P  2.38% WF   1.0 PSV       1 N       1  --  E11
C11 : T  58.46c W  56.58c S   1.88c ( +8.0 L  +8.4) LCB -280.00c P  2.36% WF   1.0 PSV       1 N       1  --  C11
C7  : T  59.21c W  56.71c S   2.49c ( +8.6 L  +8.8) LCB -280.00c P  1.99% WF   1.0 PSV       1 N       1  --  C7
