= Black originalMainTime 1e+30 mainTimeLeft 1e+30 inOvertime 0 minRecMax 0 5.5104e+27 2e+29
White originalMainTime 1e+30 mainTimeLeft 1e+30 inOvertime 0 minRecMax 0 5.5104e+27 2e+29

= 

= Black originalMainTime 60 mainTimeLeft 60 inOvertime 0 minRecMax 0 0.162557 10.8
White originalMainTime 60 mainTimeLeft 60 inOvertime 0 minRecMax 0 0.162557 10.8

= 

= 

= Black originalMainTime 60 mainTimeLeft 40 inOvertime 0 minRecMax 0 0.107453 6.8
White originalMainTime 60 mainTimeLeft 50 inOvertime 0 minRecMax 0 0.135005 8.8

= 

= Black originalMainTime 60 originalNumPeriods 1 numStonesPerPeriod 3 perPeriodTime 10 mainTimeLeft 60 inOvertime 0 numPeriodsLeftIncludingCurrent 1 minRecMax 0 4.17768 15
White originalMainTime 60 originalNumPeriods 1 numStonesPerPeriod 3 perPeriodTime 10 mainTimeLeft 60 inOvertime 0 numPeriodsLeftIncludingCurrent 1 minRecMax 0 4.17768 15

= 

= 

= Black originalMainTime 60 originalNumPeriods 1 numStonesPerPeriod 3 perPeriodTime 10 mainTimeLeft 40 inOvertime 0 numPeriodsLeftIncludingCurrent 1 minRecMax 0 4.17768 11
White originalMainTime 60 originalNumPeriods 1 numStonesPerPeriod 3 perPeriodTime 10 mainTimeLeft 0 inOvertime 1 numPeriodsLeftIncludingCurrent 1 numStonesLeftInPeriod 2 timeLeftInPeriod 15 minRecMax 0 6.5 7.57143

= 

= 

= Black originalMainTime 60 originalNumPeriods 1 numStonesPerPeriod 3 perPeriodTime 10 mainTimeLeft -5 inOvertime 0 numPeriodsLeftIncludingCurrent 1 minRecMax 0 0.833333 1
White originalMainTime 60 originalNumPeriods 1 numStonesPerPeriod 3 perPeriodTime 10 mainTimeLeft 0 inOvertime 1 numPeriodsLeftIncludingCurrent 1 numStonesLeftInPeriod 1 timeLeftInPeriod -5 minRecMax 0 0 0

= 

= Black originalMainTime 1e+30 mainTimeLeft 1e+30 inOvertime 0 minRecMax 0 5.5104e+27 2e+29
White originalMainTime 1e+30 mainTimeLeft 1e+30 inOvertime 0 minRecMax 0 5.5104e+27 2e+29

= 

= Black originalMainTime 0 originalNumPeriods 1 numStonesPerPeriod 1 perPeriodTime 10 mainTimeLeft 0 inOvertime 0 numPeriodsLeftIncludingCurrent 1 minRecMax 0 8 8
White originalMainTime 0 originalNumPeriods 1 numStonesPerPeriod 1 perPeriodTime 10 mainTimeLeft 0 inOvertime 0 numPeriodsLeftIncludingCurrent 1 minRecMax 0 8 8

= 

= 

= Black originalMainTime 0 originalNumPeriods 1 numStonesPerPeriod 1 perPeriodTime 10 mainTimeLeft 0 inOvertime 0 numPeriodsLeftIncludingCurrent 1 minRecMax 0 8 8
White originalMainTime 0 originalNumPeriods 1 numStonesPerPeriod 1 perPeriodTime 10 mainTimeLeft 0 inOvertime 1 numPeriodsLeftIncludingCurrent 1 numStonesLeftInPeriod 1 timeLeftInPeriod -5 minRecMax 0 0 0

= 

= Black originalMainTime 1e+30 mainTimeLeft 1e+30 inOvertime 0 minRecMax 0 5.5104e+27 2e+29
White originalMainTime 1e+30 mainTimeLeft 1e+30 inOvertime 0 minRecMax 0 5.5104e+27 2e+29

= 

= Black originalMainTime 60 mainTimeLeft 60 inOvertime 0 minRecMax 0 0.162557 10.8
White originalMainTime 60 mainTimeLeft 60 inOvertime 0 minRecMax 0 0.162557 10.8

= 

= 

= Black originalMainTime 60 mainTimeLeft 40 inOvertime 0 minRecMax 0 0.107453 6.8
White originalMainTime 60 mainTimeLeft 50 inOvertime 0 minRecMax 0 0.135005 8.8

= 

= Black originalMainTime 5 originalNumPeriods 1 numStonesPerPeriod 3 perPeriodTime 10 mainTimeLeft 5 inOvertime 0 numPeriodsLeftIncludingCurrent 1 minRecMax 0 7.33333 8
White originalMainTime 5 originalNumPeriods 1 numStonesPerPeriod 3 perPeriodTime 10 mainTimeLeft 5 inOvertime 0 numPeriodsLeftIncludingCurrent 1 minRecMax 0 7.33333 8

= 

= 

= Black originalMainTime 5 originalNumPeriods 1 numStonesPerPeriod 3 perPeriodTime 10 mainTimeLeft 0 inOvertime 1 numPeriodsLeftIncludingCurrent 1 numStonesLeftInPeriod 1 timeLeftInPeriod 2 minRecMax 1 1 1
White originalMainTime 5 originalNumPeriods 1 numStonesPerPeriod 3 perPeriodTime 10 mainTimeLeft 0 inOvertime 1 numPeriodsLeftIncludingCurrent 1 numStonesLeftInPeriod 2 timeLeftInPeriod 4 minRecMax 0 1 1.28571

= 

= Black originalMainTime 20 originalNumPeriods 5 numStonesPerPeriod 1 perPeriodTime 5 mainTimeLeft 20 inOvertime 0 numPeriodsLeftIncludingCurrent 5 minRecMax 0 6.76652 12.75
White originalMainTime 20 originalNumPeriods 5 numStonesPerPeriod 1 perPeriodTime 5 mainTimeLeft 20 inOvertime 0 numPeriodsLeftIncludingCurrent 5 minRecMax 0 6.76652 12.75

= 

= 

= Black originalMainTime 20 originalNumPeriods 5 numStonesPerPeriod 1 perPeriodTime 5 mainTimeLeft 0 inOvertime 1 numPeriodsLeftIncludingCurrent 5 numStonesLeftInPeriod 1 timeLeftInPeriod 10 minRecMax 9 9 9
White originalMainTime 20 originalNumPeriods 5 numStonesPerPeriod 1 perPeriodTime 5 mainTimeLeft 0 inOvertime 1 numPeriodsLeftIncludingCurrent 5 numStonesLeftInPeriod 1 minRecMax 0 0 0

= 

= 

= Black originalMainTime 20 originalNumPeriods 5 numStonesPerPeriod 1 perPeriodTime 5 mainTimeLeft 0 inOvertime 1 numPeriodsLeftIncludingCurrent 5 numStonesLeftInPeriod 1 timeLeftInPeriod 10 minRecMax 9 9 9
White originalMainTime 20 originalNumPeriods 5 numStonesPerPeriod 1 perPeriodTime 5 mainTimeLeft 0 inOvertime 1 numPeriodsLeftIncludingCurrent 5 numStonesLeftInPeriod 1 minRecMax 0 0 0

= 

= Black originalMainTime 20 originalNumPeriods 7 numStonesPerPeriod 1 perPeriodTime 7 mainTimeLeft 20 inOvertime 0 numPeriodsLeftIncludingCurrent 7 minRecMax 0 9.87313 18.25
White originalMainTime 20 originalNumPeriods 7 numStonesPerPeriod 1 perPeriodTime 7 mainTimeLeft 20 inOvertime 0 numPeriodsLeftIncludingCurrent 7 minRecMax 0 9.87313 18.25

= 

= 

= Black originalMainTime 20 originalNumPeriods 7 numStonesPerPeriod 1 perPeriodTime 7 mainTimeLeft 0 inOvertime 1 numPeriodsLeftIncludingCurrent 7 numStonesLeftInPeriod 1 timeLeftInPeriod 10 minRecMax 0 9.87313 23
White originalMainTime 20 originalNumPeriods 7 numStonesPerPeriod 1 perPeriodTime 7 mainTimeLeft 0 inOvertime 1 numPeriodsLeftIncludingCurrent 7 numStonesLeftInPeriod 1 minRecMax 0 13 13

= 

= 

= Black originalMainTime 20 originalNumPeriods 7 numStonesPerPeriod 1 perPeriodTime 7 mainTimeLeft 0 inOvertime 1 numPeriodsLeftIncludingCurrent 6 numStonesLeftInPeriod 1 timeLeftInPeriod 10 minRecMax 0 16 16
White originalMainTime 20 originalNumPeriods 7 numStonesPerPeriod 1 perPeriodTime 7 mainTimeLeft 0 inOvertime 1 numPeriodsLeftIncludingCurrent 6 numStonesLeftInPeriod 1 minRecMax 0 6 6

= 

= 

= Black originalMainTime 20 originalNumPeriods 7 numStonesPerPeriod 1 perPeriodTime 7 mainTimeLeft 0 inOvertime 1 numPeriodsLeftIncludingCurrent 5 numStonesLeftInPeriod 1 timeLeftInPeriod 10 minRecMax 9 9 9
White originalMainTime 20 originalNumPeriods 7 numStonesPerPeriod 1 perPeriodTime 7 mainTimeLeft 0 inOvertime 1 numPeriodsLeftIncludingCurrent 5 numStonesLeftInPeriod 1 minRecMax 0 0 0

= 

= 

= Black originalMainTime 20 originalNumPeriods 7 numStonesPerPeriod 1 perPeriodTime 7 mainTimeLeft 0 inOvertime 1 numPeriodsLeftIncludingCurrent 4 numStonesLeftInPeriod 1 timeLeftInPeriod 10 minRecMax 9 9 9
White originalMainTime 20 originalNumPeriods 7 numStonesPerPeriod 1 perPeriodTime 7 mainTimeLeft 0 inOvertime 1 numPeriodsLeftIncludingCurrent 4 numStonesLeftInPeriod 1 minRecMax 0 0 0

= 

= 

= Black originalMainTime 20 originalNumPeriods 7 numStonesPerPeriod 1 perPeriodTime 7 mainTimeLeft 0 inOvertime 1 numPeriodsLeftIncludingCurrent 3 numStonesLeftInPeriod 1 timeLeftInPeriod 10 minRecMax 9 9 9
White originalMainTime 20 originalNumPeriods 7 numStonesPerPeriod 1 perPeriodTime 7 mainTimeLeft 0 inOvertime 1 numPeriodsLeftIncludingCurrent 3 numStonesLeftInPeriod 1 minRecMax 0 0 0

= 

= 

= Black originalMainTime 20 originalNumPeriods 7 numStonesPerPeriod 1 perPeriodTime 7 mainTimeLeft 0 inOvertime 1 numPeriodsLeftIncludingCurrent 2 numStonesLeftInPeriod 1 timeLeftInPeriod 10 minRecMax 9 9 9
White originalMainTime 20 originalNumPeriods 7 numStonesPerPeriod 1 perPeriodTime 7 mainTimeLeft 0 inOvertime 1 numPeriodsLeftIncludingCurrent 2 numStonesLeftInPeriod 1 minRecMax 0 0 0

= 

= 

= Black originalMainTime 20 originalNumPeriods 7 numStonesPerPeriod 1 perPeriodTime 7 mainTimeLeft 10 inOvertime 0 numPeriodsLeftIncludingCurrent 7 minRecMax 0 9.87313 18.25
White originalMainTime 20 originalNumPeriods 7 numStonesPerPeriod 1 perPeriodTime 7 mainTimeLeft 0 inOvertime 0 numPeriodsLeftIncludingCurrent 7 minRecMax 0 20 20

= 

= Black originalMainTime 20 originalNumPeriods 5 numStonesPerPeriod 1 perPeriodTime 5 mainTimeLeft 20 inOvertime 0 numPeriodsLeftIncludingCurrent 5 minRecMax 0 6.76652 12.75
White originalMainTime 20 originalNumPeriods 5 numStonesPerPeriod 1 perPeriodTime 5 mainTimeLeft 20 inOvertime 0 numPeriodsLeftIncludingCurrent 5 minRecMax 0 6.76652 12.75

= 

= 

= Black originalMainTime 20 originalNumPeriods 5 numStonesPerPeriod 1 perPeriodTime 5 mainTimeLeft 0 inOvertime 1 numPeriodsLeftIncludingCurrent 5 numStonesLeftInPeriod 1 timeLeftInPeriod 8 minRecMax 7 7 7
White originalMainTime 20 originalNumPeriods 5 numStonesPerPeriod 1 perPeriodTime 5 mainTimeLeft 0 inOvertime 1 numPeriodsLeftIncludingCurrent 5 numStonesLeftInPeriod 1 timeLeftInPeriod 2 minRecMax 1 1 1

= 

= 

= Black originalMainTime 20 originalNumPeriods 5 numStonesPerPeriod 1 perPeriodTime 5 mainTimeLeft 0 inOvertime 1 numPeriodsLeftIncludingCurrent 5 numStonesLeftInPeriod 1 timeLeftInPeriod 8 minRecMax 7 7 7
White originalMainTime 20 originalNumPeriods 5 numStonesPerPeriod 1 perPeriodTime 5 mainTimeLeft 0 inOvertime 1 numPeriodsLeftIncludingCurrent 5 numStonesLeftInPeriod 1 timeLeftInPeriod 2 minRecMax 1 1 1

= 

= Black originalMainTime 20 originalNumPeriods 7 numStonesPerPeriod 1 perPeriodTime 7 mainTimeLeft 20 inOvertime 0 numPeriodsLeftIncludingCurrent 7 minRecMax 0 9.87313 18.25
White originalMainTime 20 originalNumPeriods 7 numStonesPerPeriod 1 perPeriodTime 7 mainTimeLeft 20 inOvertime 0 numPeriodsLeftIncludingCurrent 7 minRecMax 0 9.87313 18.25

= 

= 

= Black originalMainTime 20 originalNumPeriods 7 numStonesPerPeriod 1 perPeriodTime 7 mainTimeLeft 0 inOvertime 1 numPeriodsLeftIncludingCurrent 7 numStonesLeftInPeriod 1 timeLeftInPeriod 8 minRecMax 0 9.87313 21
White originalMainTime 20 originalNumPeriods 7 numStonesPerPeriod 1 perPeriodTime 7 mainTimeLeft 0 inOvertime 1 numPeriodsLeftIncludingCurrent 7 numStonesLeftInPeriod 1 timeLeftInPeriod 2 minRecMax 0 15 15

= 

= 

= Black originalMainTime 20 originalNumPeriods 7 numStonesPerPeriod 1 perPeriodTime 7 mainTimeLeft 0 inOvertime 1 numPeriodsLeftIncludingCurrent 6 numStonesLeftInPeriod 1 timeLeftInPeriod 8 minRecMax 0 14 14
White originalMainTime 20 originalNumPeriods 7 numStonesPerPeriod 1 perPeriodTime 7 mainTimeLeft 0 inOvertime 1 numPeriodsLeftIncludingCurrent 6 numStonesLeftInPeriod 1 timeLeftInPeriod 2 minRecMax 0 8 8

= 

= 

= Black originalMainTime 20 originalNumPeriods 7 numStonesPerPeriod 1 perPeriodTime 7 mainTimeLeft 0 inOvertime 1 numPeriodsLeftIncludingCurrent 5 numStonesLeftInPeriod 1 timeLeftInPeriod 8 minRecMax 7 7 7
White originalMainTime 20 originalNumPeriods 7 numStonesPerPeriod 1 perPeriodTime 7 mainTimeLeft 0 inOvertime 1 numPeriodsLeftIncludingCurrent 5 numStonesLeftInPeriod 1 timeLeftInPeriod 2 minRecMax 1 1 1

= 

= 

= Black originalMainTime 20 originalNumPeriods 7 numStonesPerPeriod 1 perPeriodTime 7 mainTimeLeft 0 inOvertime 1 numPeriodsLeftIncludingCurrent 4 numStonesLeftInPeriod 1 timeLeftInPeriod 8 minRecMax 7 7 7
White originalMainTime 20 originalNumPeriods 7 numStonesPerPeriod 1 perPeriodTime 7 mainTimeLeft 0 inOvertime 1 numPeriodsLeftIncludingCurrent 4 numStonesLeftInPeriod 1 timeLeftInPeriod 2 minRecMax 1 1 1

= 

= 

= Black originalMainTime 20 originalNumPeriods 7 numStonesPerPeriod 1 perPeriodTime 7 mainTimeLeft 0 inOvertime 1 numPeriodsLeftIncludingCurrent 3 numStonesLeftInPeriod 1 timeLeftInPeriod 8 minRecMax 7 7 7
White originalMainTime 20 originalNumPeriods 7 numStonesPerPeriod 1 perPeriodTime 7 mainTimeLeft 0 inOvertime 1 numPeriodsLeftIncludingCurrent 3 numStonesLeftInPeriod 1 timeLeftInPeriod 2 minRecMax 1 1 1

= 

= 

= Black originalMainTime 20 originalNumPeriods 7 numStonesPerPeriod 1 perPeriodTime 7 mainTimeLeft 0 inOvertime 1 numPeriodsLeftIncludingCurrent 2 numStonesLeftInPeriod 1 timeLeftInPeriod 8 minRecMax 7 7 7
White originalMainTime 20 originalNumPeriods 7 numStonesPerPeriod 1 perPeriodTime 7 mainTimeLeft 0 inOvertime 1 numPeriodsLeftIncludingCurrent 2 numStonesLeftInPeriod 1 timeLeftInPeriod 2 minRecMax 1 1 1

= 

= 

= Black originalMainTime 20 originalNumPeriods 7 numStonesPerPeriod 1 perPeriodTime 7 mainTimeLeft 8 inOvertime 0 numPeriodsLeftIncludingCurrent 7 minRecMax 0 9.87313 18.25
White originalMainTime 20 originalNumPeriods 7 numStonesPerPeriod 1 perPeriodTime 7 mainTimeLeft 2 inOvertime 0 numPeriodsLeftIncludingCurrent 7 minRecMax 0 9.87313 22

= 

= Black originalMainTime 20 originalNumPeriods 7 numStonesPerPeriod 1 perPeriodTime 7 mainTimeLeft 20 inOvertime 0 numPeriodsLeftIncludingCurrent 7 minRecMax 0 9.87313 18.25
White originalMainTime 20 originalNumPeriods 7 numStonesPerPeriod 1 perPeriodTime 7 mainTimeLeft 20 inOvertime 0 numPeriodsLeftIncludingCurrent 7 minRecMax 0 9.87313 18.25

= 

= 

= Black originalMainTime 20 originalNumPeriods 7 numStonesPerPeriod 1 perPeriodTime 7 mainTimeLeft 0 inOvertime 1 numPeriodsLeftIncludingCurrent 7 numStonesLeftInPeriod 1 timeLeftInPeriod -1 minRecMax 0 12 12
White originalMainTime 20 originalNumPeriods 7 numStonesPerPeriod 1 perPeriodTime 7 mainTimeLeft 0 inOvertime 1 numPeriodsLeftIncludingCurrent 7 numStonesLeftInPeriod 1 timeLeftInPeriod -5 minRecMax 0 8 8

= 

= 

= Black originalMainTime 20 originalNumPeriods 7 numStonesPerPeriod 1 perPeriodTime 7 mainTimeLeft 0 inOvertime 1 numPeriodsLeftIncludingCurrent 6 numStonesLeftInPeriod 1 timeLeftInPeriod -1 minRecMax 5 5 5
White originalMainTime 20 originalNumPeriods 7 numStonesPerPeriod 1 perPeriodTime 7 mainTimeLeft 0 inOvertime 1 numPeriodsLeftIncludingCurrent 6 numStonesLeftInPeriod 1 timeLeftInPeriod -5 minRecMax 1 1 1

= 

= 

= Black originalMainTime 20 originalNumPeriods 7 numStonesPerPeriod 1 perPeriodTime 7 mainTimeLeft 0 inOvertime 1 numPeriodsLeftIncludingCurrent 5 numStonesLeftInPeriod 1 timeLeftInPeriod -1 minRecMax 5 5 5
White originalMainTime 20 originalNumPeriods 7 numStonesPerPeriod 1 perPeriodTime 7 mainTimeLeft 0 inOvertime 1 numPeriodsLeftIncludingCurrent 5 numStonesLeftInPeriod 1 timeLeftInPeriod -5 minRecMax 1 1 1

= 

= 

= Black originalMainTime 20 originalNumPeriods 7 numStonesPerPeriod 1 perPeriodTime 7 mainTimeLeft 0 inOvertime 1 numPeriodsLeftIncludingCurrent 4 numStonesLeftInPeriod 1 timeLeftInPeriod -1 minRecMax 5 5 5
White originalMainTime 20 originalNumPeriods 7 numStonesPerPeriod 1 perPeriodTime 7 mainTimeLeft 0 inOvertime 1 numPeriodsLeftIncludingCurrent 4 numStonesLeftInPeriod 1 timeLeftInPeriod -5 minRecMax 1 1 1

= 

= 

= Black originalMainTime 20 originalNumPeriods 7 numStonesPerPeriod 1 perPeriodTime 7 mainTimeLeft 0 inOvertime 1 numPeriodsLeftIncludingCurrent 3 numStonesLeftInPeriod 1 timeLeftInPeriod -1 minRecMax 5 5 5
White originalMainTime 20 originalNumPeriods 7 numStonesPerPeriod 1 perPeriodTime 7 mainTimeLeft 0 inOvertime 1 numPeriodsLeftIncludingCurrent 3 numStonesLeftInPeriod 1 timeLeftInPeriod -5 minRecMax 1 1 1

= 

= 

= Black originalMainTime 20 originalNumPeriods 7 numStonesPerPeriod 1 perPeriodTime 7 mainTimeLeft 0 inOvertime 1 numPeriodsLeftIncludingCurrent 2 numStonesLeftInPeriod 1 timeLeftInPeriod -1 minRecMax 4 4 4
White originalMainTime 20 originalNumPeriods 7 numStonesPerPeriod 1 perPeriodTime 7 mainTimeLeft 0 inOvertime 1 numPeriodsLeftIncludingCurrent 2 numStonesLeftInPeriod 1 timeLeftInPeriod -5 minRecMax 1 1 1

= 

= 

= Black originalMainTime 20 originalNumPeriods 7 numStonesPerPeriod 1 perPeriodTime 7 mainTimeLeft -1 inOvertime 0 numPeriodsLeftIncludingCurrent 7 minRecMax 0 19 19
White originalMainTime 20 originalNumPeriods 7 numStonesPerPeriod 1 perPeriodTime 7 mainTimeLeft -5 inOvertime 0 numPeriodsLeftIncludingCurrent 7 minRecMax 0 15 15

