{"field":"overrideSettings","id":"badoverride","warning":"Unknown config params: sldjfslkjf"}
{"id":"badoverride","isDuringSearch":false,"moveInfos":[{"lcb":0.483342388,"move":"Q17","order":0,"prior":0.0873482302,"pv":["Q17","R4","D3","D17"],"scoreLead":0.285058939,"scoreMean":0.285058939,"scoreSelfplay":0.30634916,"scoreStdev":30.5777915,"utility":0.017660562,"utilityLcb":-0.0380553723,"visits":12,"winrate":0.503240936},{"lcb":0.472369132,"move":"D3","order":1,"prior":0.0843160674,"pv":["D3","R16","C16","Q3"],"scoreLead":0.356751477,"scoreMean":0.356751477,"scoreSelfplay":0.301064455,"scoreStdev":30.5351006,"utility":0.0133866083,"utilityLcb":-0.0707181329,"visits":10,"winrate":0.502406539},{"lcb":0.465123523,"move":"C4","order":2,"prior":0.086034216,"pv":["C4","R16","C16","Q3"],"scoreLead":0.11806324,"scoreMean":0.11806324,"scoreSelfplay":0.0921890555,"scoreStdev":30.5301507,"utility":0.00767287802,"utilityLcb":-0.0895913964,"visits":10,"winrate":0.499860763},{"lcb":0.467514706,"move":"C16","order":3,"prior":0.082149066,"pv":["C16","Q3","C4","Q17"],"scoreLead":0.282109647,"scoreMean":0.282109647,"scoreSelfplay":0.172312646,"scoreStdev":30.4554998,"utility":0.00838401977,"utilityLcb":-0.0797470196,"visits":10,"winrate":0.498990078},{"lcb":0.465712779,"move":"Q3","order":4,"prior":0.0898557156,"pv":["Q3","R16","D3","D17"],"scoreLead":0.349175965,"scoreMean":0.349175965,"scoreSelfplay":0.223627485,"scoreStdev":30.4970402,"utility":0.00456070663,"utilityLcb":-0.0900178593,"visits":9,"winrate":0.499490838},{"lcb":0.467593,"move":"R4","order":5,"prior":0.0889987797,"pv":["R4","R16","D3","D17"],"scoreLead":0.0717224851,"scoreMean":0.0717224851,"scoreSelfplay":-0.0536456006,"scoreStdev":30.5776432,"utility":-0.00272300107,"utilityLcb":-0.0840331424,"visits":10,"winrate":0.496632336},{"lcb":0.401031629,"move":"D17","order":6,"prior":0.0799881965,"pv":["D17","D3","Q3","Q17"],"scoreLead":0.00653271715,"scoreMean":0.00653271715,"scoreSelfplay":-0.0758474448,"scoreStdev":30.6482922,"utility":-0.00152294482,"utilityLcb":-0.266489596,"visits":6,"winrate":0.495662576},{"lcb":0.424955104,"move":"R16","order":7,"prior":0.0734456331,"pv":["R16","Q3","C4","D17"],"scoreLead":0.0834579006,"scoreMean":0.0834579006,"scoreSelfplay":0.0809352253,"scoreStdev":30.6042459,"utility":0.0071825597,"utilityLcb":-0.201446149,"visits":6,"winrate":0.499465357},{"lcb":0.405241105,"move":"D4","order":8,"prior":0.0466842875,"pv":["D4","R16","C16","Q3"],"scoreLead":-0.0018351539,"scoreMean":-0.0018351539,"scoreSelfplay":-0.110570735,"scoreStdev":30.6080032,"utility":-0.00714927188,"utilityLcb":-0.256416606,"visits":6,"winrate":0.494265153},{"lcb":0.39012554,"move":"Q16","order":9,"prior":0.0390467197,"pv":["Q16","D3","D17"],"scoreLead":-0.122660758,"scoreMean":-0.122660758,"scoreSelfplay":-0.152601128,"scoreStdev":30.699657,"utility":-0.00119006615,"utilityLcb":-0.295316638,"visits":5,"winrate":0.495170744},{"lcb":0.211350201,"move":"Q4","order":10,"prior":0.0582813174,"pv":["Q4","D3","D17"],"scoreLead":-0.054972736,"scoreMean":-0.054972736,"scoreSelfplay":-0.207274394,"scoreStdev":30.586715,"utility":-0.0126779587,"utilityLcb":-0.795555408,"visits":4,"winrate":0.49094929},{"lcb":0.0936431383,"move":"D16","order":11,"prior":0.0466221087,"pv":["D16","D3","Q17"],"scoreLead":-0.370539046,"scoreMean":-0.370539046,"scoreSelfplay":-0.473029362,"scoreStdev":30.7025343,"utility":-0.0168951957,"utilityLcb":-1.12375642,"visits":4,"winrate":0.488950717},{"lcb":-0.489309076,"move":"C3","order":12,"prior":0.0324412882,"pv":["C3","R16","C16"],"scoreLead":-0.664291049,"scoreMean":-0.664291049,"scoreSelfplay":-0.483069718,"scoreStdev":30.7822067,"utility":-0.0141940546,"utilityLcb":-2.76838199,"visits":3,"winrate":0.494329472},{"lcb":-0.512669094,"move":"C17","order":13,"prior":0.0303787608,"pv":["C17","R16"],"scoreLead":-0.698750198,"scoreMean":-0.698750198,"scoreSelfplay":-0.667625114,"scoreStdev":30.7515187,"utility":-0.0276676619,"utilityLcb":-2.8,"visits":2,"winrate":0.487330906},{"lcb":-0.505106151,"move":"R3","order":14,"prior":0.0199332591,"pv":["R3","R16"],"scoreLead":-0.310864605,"scoreMean":-0.310864605,"scoreSelfplay":-0.201747864,"scoreStdev":30.7227873,"utility":-0.00936333576,"utilityLcb":-2.8,"visits":2,"winrate":0.494893849}],"rootInfo":{"currentPlayer":"B","scoreLead":0.138816075,"scoreSelfplay":0.0771114391,"scoreStdev":30.5794376,"symHash":"47E1EBDAE69A5DED3FF8DB1FA4E91845","thisHash":"47E1EBDAE69A5DED3FF8DB1FA4E91845","utility":0.00410420863,"visits":100,"winrate":0.498334305},"turnNumber":0}
