: Analysis Engine starting...
: KataGo v1.8.2
: nnRandSeed0 = analysisTest
: After dedups: nnModelFile0 = tests/models/g170-b6c96-s175395328-d26788732.bin.gz useFP16 false useNHWC false
: Cuda backend thread 0: Found GPU Tesla V100-SXM2-16GB memory 16945512448 compute capability major 7 minor 0
: Cuda backend thread 0: Model version 8 useFP16 = false useNHWC = false
: Cuda backend thread 0: Model name: g170-b6c96-s175395328-d26788732
: Loaded config configs/analysis_example.cfg and/or command-line and query overrides
: Loaded model tests/models/g170-b6c96-s175395328-d26788732.bin.gz
: Config override: cudaUseFP16 = false
: Config override: cudaUseNHWC = false
: Config override: forDeterministicTesting = true
: Config override: logAllRequests = true
: Config override: logAllResponses = true
: Config override: logDir = 
: Config override: logFile = tests/results/analysis/basic.txt.log
: Config override: logSearchInfo = true
: Config override: logTimeStamp = false
: Config override: maxPlayouts = 10000
: Config override: maxVisits = 100
: Config override: nnRandSeed = analysisTest
: Config override: nnRandomize = false
: Config override: numAnalysisThreads = 1
: Config override: numSearchThreadsPerAnalysisThread = 1
: Config override: openclUseFP16 = false
: Config override: reportAnalysisWinratesAs = SIDETOMOVE
: Analyzing up to 1 positions at at time in parallel
: Started, ready to begin handling requests
: Request: {"id":"foo","initialStones":[["B","Q4"],["B","C4"]],"moves":[["W","P5"],["B","P6"]],"rules":"tromp-taylor","komi":7.5,"boardXSize":19,"boardYSize":19,"analyzeTurns":[2],"overrideSettings":{"maxVisits":10}}
: Request: {"id":"foo","initialStones":[],"moves":[["W","C5"],["B","C6"]],"rules":"tromp-taylor","komi":4,"boardXSize":7,"boardYSize":7,"overrideSettings":{"maxVisits":10},"includeOwnership":true,"includePolicy":true}
: MoveNum: 2 HASH: 29EDDA3CC5189C1F08CBD809E4157047
   A B C D E F G H J K L M N O P Q R S T
19 . . . . . . . . . . . . . . . . . . .
18 . . . . . . . . . . . . . . . . . . .
17 . . . . . . . . . . . . . . . . . . .
16 . . . . . . . . . . . . . . . . . . .
15 . . . . . . . . . . . . . . . . . . .
14 . . . . . . . . . . . . . . . . . . .
13 . . . . . . . . . . . . . . . . . . .
12 . . . . . . . . . . . . . . . . . . .
11 . . . . . . . . . . . . . . . . . . .
10 . . . . . . . . . . . . . . . . . . .
 9 . . . . . . . . . . . . . . . . . . .
 8 . . . . . . . . . . . . . . . . . . .
 7 . . . . . . . . . . . . . . . . . . .
 6 . . . . . . . . . . . . . . X2. . . .
 5 . . . . . . . . . . . . . . O1. . . .
 4 . . X . . . . . . . . . . . . X . . .
 3 . . . . . . . . . . . . . . . . . . .
 2 . . . . . . . . . . . . . . . . . . .
 1 . . . . . . . . . . . . . . . . . . .

koPOSITIONALscoreAREAtaxNONEsui1komi7.5
Root visits: 10
New playouts: 10
NN rows: 10
NN batches: 10
NN avg batch size: 1
PV: Q5 R4 P4 P3
Tree:
: T -23.70c W -22.13c S  -1.65c ( -7.4 L  -7.1) N      10  --  Q5 R4 P4 P3
---White(^)---
Q5  : T -23.37c W -21.82c S  -1.65c ( -7.4 L  -7.1) LCB  -49.39c P 80.79% WF   9.0 PSV       9 N       9  --  Q5 R4 P4 P3

: Response: {"id":"foo","isDuringSearch":false,"moveInfos":[{"lcb":0.29800509190280744,"move":"Q5","order":0,"prior":0.8078576326370239,"pv":["Q5","R4","P4","P3"],"scoreLead":-7.099580706718267,"scoreMean":-7.099580706718267,"scoreSelfplay":-7.393238961633563,"scoreStdev":30.967709414670473,"utility":-0.23374321154979297,"utilityLcb":-0.493854724569466,"visits":9,"winrate":0.39090206083840495}],"rootInfo":{"scoreLead":-7.1039604141378705,"scoreSelfplay":-7.406553977671135,"scoreStdev":31.032757297898268,"symHash":"215BAF8265F4950EC41771439410160F","thisHash":"FA2C1B0E252C40AF31EB9DEC2CCCCD34","utility":-0.23704204318425443,"visits":10,"winrate":0.3893334092842313},"turnNumber":2}
: MoveNum: 2 HASH: FACB00E9D9004B23F7292DCF3F13D71D
   A B C D E F G
 7 . . . . . . .
 6 . . X2. . . .
 5 . . O1. . . .
 4 . . . . . . .
 3 . . . . . . .
 2 . . . . . . .
 1 . . . . . . .

koPOSITIONALscoreAREAtaxNONEsui1komi4
Root visits: 10
New playouts: 10
NN rows: 20
NN batches: 20
NN avg batch size: 1
PV: D5 D3 E3 E4
Tree:
: T  94.66c W  98.35c S  -3.43c (+21.1 L +12.2) N      10  --  D5 D3 E3 E4
---White(^)---
D5  : T  89.94c W  98.12c S  -7.38c (+18.7 L +11.6) LCB   51.73c P 74.13% WF   6.9 PSV       7 N       7  --  D5 D3 E3 E4
D4  : T 100.61c W  98.71c S  -0.09c (+23.3 L +12.1) LCB -280.00c P 21.25% WF   2.1 PSV       2 N       2  --  D4 D5

: Response: {"id":"foo","isDuringSearch":false,"moveInfos":[{"lcb":0.854138665060899,"move":"D5","order":0,"prior":0.7412821054458618,"pv":["D5","D3","E3","E4"],"scoreLead":11.618362593202717,"scoreMean":11.618362593202717,"scoreSelfplay":18.725888508580972,"scoreStdev":10.306273285417971,"utility":0.8993772978653257,"utilityLcb":0.5172688591757129,"visits":7,"winrate":0.9906059645929035},{"lcb":-0.006461670040152967,"move":"D4","order":1,"prior":0.2125396877527237,"pv":["D4","D5"],"scoreLead":12.107516765594482,"scoreMean":12.107516765594482,"scoreSelfplay":23.27854347229004,"scoreStdev":10.361005821865659,"utility":1.0060729670146888,"utilityLcb":-2.8000000000000003,"visits":2,"winrate":0.993538329959847}],"ownership":[0.4645487365002433,0.473315671707193,0.48482524168988067,0.4943412610640128,0.4233117504045367,0.29442838951945305,0.28823012571471435,0.4150194423273206,0.4905327968299389,0.45762286459406215,0.5961002397040526,0.5089843080689509,0.3599361212303241,0.17039947615315515,0.4265123872707287,0.5449564134081204,0.9545526516934235,0.942943590382735,0.4946430666993062,0.360389137485375,0.16284138693784672,0.26608254853636026,0.4250685659547647,0.35027946531772614,0.3777095836897691,0.4864371884614229,0.1283011892810464,0.06146388011984527,0.1787174455821514,0.1185879121379306,0.3616383345797658,-0.3148775634666284,0.05329613589371244,-0.12789332020717362,-0.004546082636807113,-0.06784396090855199,-0.08721196666980781,-0.26121532761802274,-0.2672046394242595,-0.2789624745879943,-0.24225576555666825,-0.1805269958761831,-0.06020523887127638,-0.18746638298034665,-0.21813517545039454,-0.25264137486616767,-0.26012599491514266,-0.3629272195200125,-0.22809416280748943],"policy":[2.0382125512696803e-05,3.4856358979595825e-05,3.160303458571434e-05,2.995804425154347e-05,3.4272725315531716e-05,5.183404209674336e-05,3.582589124562219e-05,3.178217593813315e-05,0.00045726177631877363,-1.0,0.006051264237612486,8.293071005027741e-05,6.732349720550701e-05,5.2937793952878565e-05,3.0991188396001235e-05,0.00010964144166791812,-1.0,0.7412821054458618,0.009767647832632065,9.512242104392499e-05,4.483770680963062e-05,3.297085640951991e-05,0.0002135054237442091,0.0024477511178702116,0.2125396877527237,0.02202644757926464,8.887532021617517e-05,4.5526780013460666e-05,4.1031482396647334e-05,6.149307591840625e-05,0.0004886192036792636,0.002610792638733983,0.0002784563694149256,5.9603116824291646e-05,3.7326150049921125e-05,3.589305924833752e-05,6.115999713074416e-05,8.390779112232849e-05,6.800946721341461e-05,6.317982479231432e-05,6.103466512286104e-05,4.0445269405609e-05,3.6011002521263435e-05,4.210546467220411e-05,4.285999239073135e-05,4.065843313583173e-05,3.9432994526578113e-05,4.3480831664055586e-05,3.231165464967489e-05,2.4919008865254e-05],"rootInfo":{"scoreLead":12.173160001917926,"scoreSelfplay":21.006958473340667,"scoreStdev":11.107491589289335,"symHash":"142D62B902727ED7A147F45224109E72","thisHash":"290AC1DB39349793CE09682AF7CA6A6E","utility":0.9456343551178659,"visits":10,"winrate":0.9917462775377412},"turnNumber":2}
: tests/models/g170-b6c96-s175395328-d26788732.bin.gz
: NN rows: 20
: NN batches: 20
: NN avg batch size: 1
: GPU -1 finishing, processed 20 rows 20 batches
: All cleaned up, quitting
