{"id":"foo","isDuringSearch":false,"moveInfos":[{"lcb":0.297999323,"move":"Q5","order":0,"prior":0.807795942,"pv":["Q5","R4","P4","P3"],"scoreLead":-7.10025681,"scoreMean":-7.10025681,"scoreSelfplay":-7.39374377,"scoreStdev":30.9667814,"utility":-0.233762051,"utilityLcb":-0.493878345,"visits":9,"winrate":0.390898}],"rootInfo":{"currentPlayer":"W","scoreLead":-7.1044414,"scoreSelfplay":-7.40683187,"scoreStdev":31.0318285,"symHash":"215BAF8265F4950EC41771439410160F","thisHash":"FA2C1B0E252C40AF31EB9DEC2CCCCD34","utility":-0.237054231,"visits":10,"winrate":0.389331952},"turnNumber":2}
{"id":"foo","isDuringSearch":false,"moveInfos":[{"lcb":0.782695306,"move":"D5","order":0,"prior":0.741374552,"pv":["D5","D3","C3"],"scoreLead":11.1684793,"scoreMean":11.1684793,"scoreSelfplay":18.8647664,"scoreStdev":10.2119098,"utility":0.898778963,"utilityLcb":0.315126497,"visits":6,"winrate":0.991142615},{"lcb":-1.42589317,"move":"D4","order":1,"prior":0.212469727,"pv":["D4","D5"],"scoreLead":12.6324508,"scoreMean":12.6324508,"scoreSelfplay":21.6061432,"scoreStdev":10.4589051,"utility":0.959735026,"utilityLcb":-5.81004098,"visits":3,"winrate":0.991883971}],"ownership":[0.370024,0.473988,0.395606,0.391034,0.339878,0.249153,0.196955,0.419182,0.426886,0.274,0.475117,0.419744,0.3018,0.185135,0.340534,0.480082,0.884741,0.699235,0.34879,0.281372,0.179946,0.360702,0.464968,0.43326,0.438396,0.448845,0.206816,0.146553,0.24276,0.233888,0.368605,-0.159275,0.121884,0.093056,0.073614,0.142484,0.090118,-0.024514,-0.085324,-0.030288,-0.058526,-0.036788,0.03782,-0.020915,-0.06989,-0.092328,-0.10329,-0.124949,-0.100925],"policy":[2.03795171e-05,3.48418616e-05,3.15952857e-05,2.99472667e-05,3.42653984e-05,5.18300731e-05,3.58210345e-05,3.17731356e-05,0.000456402515,-1.0,0.00604267279,8.28759003e-05,6.72830429e-05,5.29320751e-05,3.09759635e-05,0.000109546316,-1.0,0.741374552,0.00976151787,9.50875692e-05,4.48289757e-05,3.29627364e-05,0.000213302861,0.00245050574,0.212469727,0.0220179167,8.88458962e-05,4.55156114e-05,4.10193061e-05,6.14698365e-05,0.000488463265,0.0026106576,0.000278509164,5.95838392e-05,3.73147159e-05,3.58900725e-05,6.1134444e-05,8.38853666e-05,6.79923251e-05,6.31430084e-05,6.10048555e-05,4.04378916e-05,3.60087288e-05,4.20941724e-05,4.28527055e-05,4.0646366e-05,3.94247872e-05,4.3475764e-05,3.23079184e-05,2.49041077e-05],"rootInfo":{"currentPlayer":"W","scoreLead":12.0518453,"scoreSelfplay":20.9815134,"scoreStdev":11.0631296,"symHash":"142D62B902727ED7A147F45224109E72","thisHash":"290AC1DB39349793CE09682AF7CA6A6E","utility":0.940078294,"visits":10,"winrate":0.991863202},"turnNumber":2}
{"id":"foo","isDuringSearch":false,"moveInfos":[{"lcb":-0.261482301,"move":"D5","order":0,"prior":0.639254212,"pv":["D5","D6","D4","B6"],"scoreLead":-1.82419758,"scoreMean":-1.82419758,"scoreSelfplay":-3.08283784,"scoreStdev":12.8012566,"utility":-0.482600729,"utilityLcb":-2.06384656,"visits":6,"winrate":0.303248351},{"lcb":-0.788804781,"move":"D4","order":1,"prior":0.145864546,"pv":["D4","D5"],"scoreLead":-3.03451359,"scoreMean":-3.03451359,"scoreSelfplay":-4.62124968,"scoreStdev":12.3741976,"utility":-0.734112855,"utilityLcb":-2.8,"visits":2,"winrate":0.211195219},{"lcb":-0.933239397,"move":"D6","order":2,"prior":0.181513712,"pv":["D6"],"scoreLead":-6.1061372799999996,"scoreMean":-6.1061372799999996,"scoreSelfplay":-8.38636971,"scoreStdev":12.5066911,"utility":-0.983384762,"utilityLcb":-2.8,"visits":1,"winrate":0.0667606033}],"ownership":[-0.217919,-0.345082,-0.344754,-0.20977,0.013488,-0.021649,0.095387,-0.319307,-0.271412,-0.134909,-0.267512,0.110737,0.019904,0.083251,-0.254614,-0.336015,-0.651337,0.570468,0.062973,0.146308,0.108125,-0.147804,-0.104763,0.107166,0.218961,0.189635,0.222418,0.121567,-0.070174,-0.014859,0.098666,0.164936,0.158903,0.187818,0.144946,-0.01749,0.00736,0.089544,0.156851,0.127468,0.137669,0.133932,0.03347,0.053792,0.060557,0.084606,0.095505,0.149746,0.164463],"policy":[6.62468665e-05,0.00381371682,-1.0,0.00026267019,0.000128535874,0.000164134966,0.000137826952,0.000168316328,0.00125938735,-1.0,0.181513712,0.00033573882,0.000174486646,0.000171768697,8.58240528e-05,0.00143513002,-1.0,0.639254212,0.0056905048,0.000204447599,0.00013980527,0.000100510108,0.000149914806,0.00321676815,0.145864546,0.00596445054,0.000165202844,0.00014274432,0.000113061957,0.000205928518,0.000697777607,0.00532307569,0.000635602162,0.0001978051,0.00013032851,0.000146966835,0.000142358083,0.000194903594,0.000155234578,0.000184467324,0.000155468209,0.000139062759,0.000145500147,0.000145979662,0.000113440408,0.000122667683,0.000122260317,0.000129072301,0.000129168722,5.91419775e-05],"rootInfo":{"currentPlayer":"B","scoreLead":-1.83841522,"scoreSelfplay":-2.94236195,"scoreStdev":12.9085851,"symHash":"478E9637C4E9D7DD298C5EDA99EA7431","thisHash":"90E43B353BA64F45F3186642D389E6E7","utility":-0.447532671,"visits":10,"winrate":0.315272023},"turnNumber":3}
{"id":"foo","isDuringSearch":false,"moveInfos":[{"lcb":0.124285369,"move":"D5","order":0,"prior":0.639254212,"pv":["D5","D4","C4","B5","E5"],"scoreLead":-1.76395956,"scoreMean":-1.76395956,"scoreSelfplay":-2.86790352,"scoreStdev":12.876485,"utility":-0.42953849,"utilityLcb":-0.961092442,"visits":16,"winrate":0.314126066},{"lcb":-0.788804781,"move":"D4","order":1,"prior":0.145864546,"pv":["D4","D5"],"scoreLead":-3.03451359,"scoreMean":-3.03451359,"scoreSelfplay":-4.62124968,"scoreStdev":12.3741976,"utility":-0.734112855,"utilityLcb":-2.8,"visits":2,"winrate":0.211195219},{"lcb":-0.933239397,"move":"D6","order":2,"prior":0.181513712,"pv":["D6"],"scoreLead":-6.1061372799999996,"scoreMean":-6.1061372799999996,"scoreSelfplay":-8.38636971,"scoreStdev":12.5066911,"utility":-0.983384762,"utilityLcb":-2.8,"visits":1,"winrate":0.0667606033}],"ownership":[-0.078073,-0.182196,-0.228303,-0.108674,0.022453,-0.025374,0.047945,-0.163392,-0.001456,0.084195,-0.196452,0.089152,0.033213,0.020242,-0.129676,-0.239762,-0.482364,0.712392,0.24297,0.107338,0.047726,-0.073676,-0.032106,0.121975,-0.033822,0.093747,0.152504,0.054151,-0.032361,-0.015484,0.047624,0.018602,0.089676,0.078078,0.069119,0.019103,0.040592,0.022104,0.075694,0.039578,0.083262,0.069115,0.033482,0.048791,0.034692,0.036286,0.048921,0.090923,0.103906],"ownershipStdev":[0.408347,0.367138,0.36652,0.347941,0.322378,0.293258,0.243674,0.345947,0.531045,0.500892,0.496859,0.311923,0.302996,0.228634,0.283855,0.300014,0.369598,0.245551,0.261565,0.198469,0.150086,0.20972,0.229653,0.408174,0.59143,0.199654,0.162757,0.149238,0.19569,0.234487,0.268941,0.297975,0.202242,0.20172,0.142822,0.162018,0.188634,0.193132,0.190324,0.186775,0.151449,0.126042,0.141181,0.186734,0.159697,0.13858,0.129806,0.163648,0.124085],"policy":[6.62468665e-05,0.00381371682,-1.0,0.00026267019,0.000128535874,0.000164134966,0.000137826952,0.000168316328,0.00125938735,-1.0,0.181513712,0.00033573882,0.000174486646,0.000171768697,8.58240528e-05,0.00143513002,-1.0,0.639254212,0.0056905048,0.000204447599,0.00013980527,0.000100510108,0.000149914806,0.00321676815,0.145864546,0.00596445054,0.000165202844,0.00014274432,0.000113061957,0.000205928518,0.000697777607,0.00532307569,0.000635602162,0.0001978051,0.00013032851,0.000146966835,0.000142358083,0.000194903594,0.000155234578,0.000184467324,0.000155468209,0.000139062759,0.000145500147,0.000145979662,0.000113440408,0.000122667683,0.000122260317,0.000129072301,0.000129168722,5.91419775e-05],"rootInfo":{"currentPlayer":"B","scoreLead":-1.84342154,"scoreSelfplay":-2.92262292,"scoreStdev":12.8926175,"symHash":"478E9637C4E9D7DD298C5EDA99EA7431","thisHash":"90E43B353BA64F45F3186642D389E6E7","utility":-0.435769612,"visits":20,"winrate":0.31247924},"turnNumber":3}
