{"id":"pvvisittest","isDuringSearch":false,"moveInfos":[{"lcb":0.553219974,"move":"F5","order":0,"prior":0.18750371,"pv":["F5","C4","B5","C3","C2","D2","E3","E2","F3","B2","B3","C1","B4"],"pvEdgeVisits":[424,170,59,36,23,21,20,9,8,7,3,2,1],"pvVisits":[424,170,59,36,23,21,20,9,8,7,3,2,1],"scoreLead":0.972663252,"scoreMean":0.972663252,"scoreSelfplay":1.10570348,"scoreStdev":8.90481454,"utility":0.132973809,"utilityLcb":0.00642014457,"visits":424,"winrate":0.598417711},{"lcb":0.422917355,"move":"F4","order":1,"prior":0.361343056,"pv":["F4","C4","C3","B5","B4","F5","E3","E6","C5","E4","B6","C4","E5"],"pvEdgeVisits":[144,119,107,102,79,19,15,12,5,4,3,2,1],"pvVisits":[144,119,107,102,79,19,15,12,5,4,3,2,1],"scoreLead":0.138924612,"scoreMean":0.138924612,"scoreSelfplay":0.177975235,"scoreStdev":9.41322549,"utility":-0.0803668466,"utilityLcb":-0.287380846,"visits":144,"winrate":0.496850926},{"lcb":0.34137787,"move":"E6","order":2,"prior":0.403681099,"pv":["E6","E3","E2","F2","D2","F5","F6","F4","B6","B5","C4","B7","A6"],"pvEdgeVisits":[80,59,26,22,12,10,9,7,5,4,3,2,1],"pvVisits":[80,59,26,22,12,10,9,7,5,4,3,2,1],"scoreLead":-1.21029443,"scoreMean":-1.21029443,"scoreSelfplay":-0.956673626,"scoreStdev":16.7219793,"utility":-0.228323439,"utilityLcb":-0.496270001,"visits":80,"winrate":0.43707307},{"lcb":0.523625635,"move":"E3","order":3,"prior":0.0397898182,"pv":["E3","F4","F5","F6","F3","C4","B3","E6","B5","B6","A5","G5","G3","A6"],"pvEdgeVisits":[347,227,219,179,142,97,44,38,24,11,5,4,2,1],"pvVisits":[347,227,219,179,142,97,44,38,24,11,5,4,2,1],"scoreLead":0.595878512,"scoreMean":0.595878512,"scoreSelfplay":0.637637169,"scoreStdev":6.30340126,"utility":0.074907187,"utilityLcb":-0.0741390107,"visits":347,"winrate":0.576856419},{"lcb":-0.860603757,"move":"B5","order":4,"prior":0.00439723395,"pv":["B5"],"pvEdgeVisits":[1],"pvVisits":[1],"scoreLead":-4.95396185,"scoreMean":-4.95396185,"scoreSelfplay":-5.44648409,"scoreStdev":10.5671071,"utility":-0.870644001,"utilityLcb":-2.8,"visits":1,"winrate":0.139396243},{"lcb":-0.914547265,"move":"B4","order":5,"prior":0.000787151512,"pv":["B4"],"pvEdgeVisits":[1],"pvVisits":[1],"scoreLead":-5.81449413,"scoreMean":-5.81449413,"scoreSelfplay":-6.96907425,"scoreStdev":9.32004386,"utility":-1.0120462,"utilityLcb":-2.8,"visits":1,"winrate":0.0854527354},{"lcb":-0.849019535,"move":"B6","order":6,"prior":0.000691668538,"pv":["B6"],"pvEdgeVisits":[1],"pvVisits":[1],"scoreLead":-3.44325447,"scoreMean":-3.44325447,"scoreSelfplay":-5.49600983,"scoreStdev":12.4498331,"utility":-0.834932505,"utilityLcb":-2.8,"visits":1,"winrate":0.150980465},{"lcb":-0.761181042,"move":"F6","order":7,"prior":0.000391213922,"pv":["F6"],"pvEdgeVisits":[1],"pvVisits":[1],"scoreLead":-2.90896773,"scoreMean":-2.90896773,"scoreSelfplay":-3.19876814,"scoreStdev":15.9262033,"utility":-0.60843763,"utilityLcb":-2.8,"visits":1,"winrate":0.238818958}],"rootInfo":{"currentPlayer":"B","scoreLead":0.625985212,"scoreSelfplay":0.755933343,"scoreStdev":9.94252727,"symHash":"10155F672C0B5682E08EB339027AD849","thisHash":"E2B811FEE059E65F93697CB1DE35B543","utility":0.0654397674,"visits":1000,"winrate":0.56752577},"turnNumber":8}
