{"id":"pvvisittest","isDuringSearch":false,"moveInfos":[{"lcb":0.549539247,"move":"E3","order":0,"prior":0.0397898182,"pv":["E3","F4","F5","F6","F3","C4","B5","B4","B6","B7","B3","A6","E6","E7","G4","C3"],"pvEdgeVisits":[501,341,331,295,262,167,116,102,59,21,14,11,4,3,2,2],"pvVisits":[501,341,331,295,262,167,116,102,59,21,14,11,4,3,3,2],"scoreLead":0.727054998,"scoreMean":0.727054998,"scoreSelfplay":0.767866577,"scoreStdev":6.63931026,"utility":0.112668614,"utilityLcb":-0.00435624384,"visits":501,"winrate":0.591333839},{"lcb":0.503384068,"move":"F5","order":1,"prior":0.18750371,"pv":["F5","B5","C4","B4","B3","E3","D2","E2","F4","B2","A4","A5","B6"],"pvEdgeVisits":[260,227,134,94,84,73,63,39,17,13,6,4,1],"pvVisits":[260,227,134,94,84,73,63,39,17,13,6,4,1],"scoreLead":0.576046395,"scoreMean":0.576046395,"scoreSelfplay":0.704911421,"scoreStdev":11.1433361,"utility":0.0392741566,"utilityLcb":-0.147161523,"visits":260,"winrate":0.569968239},{"lcb":0.411444083,"move":"F4","order":2,"prior":0.361343056,"pv":["F4","C4","C3","B5","B4","F5","E3","E6","C5","E4","B6","C4","E5"],"pvEdgeVisits":[146,121,108,103,78,32,19,16,6,5,3,2,1],"pvVisits":[146,121,108,103,78,32,19,16,6,5,3,2,1],"scoreLead":-0.119258103,"scoreMean":-0.119258103,"scoreSelfplay":-0.125941616,"scoreStdev":9.67756693,"utility":-0.111081208,"utilityLcb":-0.331756061,"visits":146,"winrate":0.49025653},{"lcb":0.36397277,"move":"E6","order":3,"prior":0.403681099,"pv":["E6","E3","E2","F2","B5","B6","D2","F5","F6"],"pvEdgeVisits":[89,57,30,27,5,3,3,2,1],"pvVisits":[89,57,30,27,5,6,3,2,1],"scoreLead":-0.841365265,"scoreMean":-0.841365265,"scoreSelfplay":-0.643457534,"scoreStdev":15.606272,"utility":-0.222693572,"utilityLcb":-0.465201819,"visits":89,"winrate":0.450582858},{"lcb":-0.860603757,"move":"B5","order":4,"prior":0.00439723395,"pv":["B5"],"pvEdgeVisits":[1],"pvVisits":[1],"scoreLead":-4.95396185,"scoreMean":-4.95396185,"scoreSelfplay":-5.44648409,"scoreStdev":10.5671071,"utility":-0.870644001,"utilityLcb":-2.8,"visits":1,"winrate":0.139396243},{"lcb":-0.914547265,"move":"B4","order":5,"prior":0.000787151512,"pv":["B4"],"pvEdgeVisits":[1],"pvVisits":[1],"scoreLead":-5.81449413,"scoreMean":-5.81449413,"scoreSelfplay":-6.96907425,"scoreStdev":9.32004386,"utility":-1.0120462,"utilityLcb":-2.8,"visits":1,"winrate":0.0854527354},{"lcb":-0.849019535,"move":"B6","order":6,"prior":0.000691668538,"pv":["B6"],"pvEdgeVisits":[1],"pvVisits":[1],"scoreLead":-3.44325447,"scoreMean":-3.44325447,"scoreSelfplay":-5.49600983,"scoreStdev":12.4498331,"utility":-0.834932505,"utilityLcb":-2.8,"visits":1,"winrate":0.150980465}],"rootInfo":{"currentPlayer":"B","scoreLead":0.460134967,"scoreSelfplay":0.52757526,"scoreStdev":9.09794322,"symHash":"10155F672C0B5682E08EB339027AD849","thisHash":"E2B811FEE059E65F93697CB1DE35B543","utility":0.0432286293,"visits":1000,"winrate":0.563042759},"turnNumber":8}
