: Analysis Engine starting...
: KataGo v1.10.0
: nnRandSeed0 = analysisTest
: After dedups: nnModelFile0 = tests/models/g170-b6c96-s175395328-d26788732.bin.gz useFP16 false useNHWC false
: Initializing neural net buffer to be size 19 * 19 allowing smaller boards
: Cuda backend thread 0: Found GPU NVIDIA RTX A5000 memory 25434652672 compute capability major 8 minor 6
: Cuda backend thread 0: Model version 8 useFP16 = false useNHWC = false
: Cuda backend thread 0: Model name: g170-b6c96-s175395328-d26788732
: Loaded config configs/analysis_example.cfg and/or command-line and query overrides
: Loaded model tests/models/g170-b6c96-s175395328-d26788732.bin.gz
: Config override: cudaUseFP16 = false
: Config override: cudaUseNHWC = false
: Config override: forDeterministicTesting = true
: Config override: logAllRequests = true
: Config override: logAllResponses = true
: Config override: logDir = 
: Config override: logFile = tests/results/analysis/symmetry_with_pruning.txt.log
: Config override: logSearchInfo = true
: Config override: logTimeStamp = false
: Config override: maxPlayouts = 10000
: Config override: maxVisits = 100
: Config override: nnRandSeed = analysisTest
: Config override: nnRandomize = false
: Config override: numAnalysisThreads = 1
: Config override: numSearchThreadsPerAnalysisThread = 1
: Config override: openclUseFP16 = false
: Config override: rootSymmetryPruning = true
: Config override: trtUseFP16 = false
: Analyzing up to 1 positions at at time in parallel
: Started, ready to begin handling requests
: Request: {"id":"empty","initialStones":[],"moves":[],"rules":"tromp-taylor","komi":7.5,"boardXSize":19,"boardYSize":19,"overrideSettings":{"maxVisits":10}}
: Request: {"id":"diag","initialStones":[],"moves":[["B","D4"]],"rules":"tromp-taylor","komi":7.5,"boardXSize":19,"boardYSize":19,"overrideSettings":{"maxVisits":10}}
: Request: {"id":"nosym","initialStones":[],"moves":[["B","D3"]],"rules":"tromp-taylor","komi":7.5,"boardXSize":19,"boardYSize":19,"overrideSettings":{"maxVisits":10}}
: Request: {"id":"rect","initialStones":[],"moves":[],"rules":"tromp-taylor","komi":7.5,"boardXSize":13,"boardYSize":7,"overrideSettings":{"maxVisits":10},"includeMovesOwnership":true,"includeOwnership":true}
: Request: {"id":"rect2","initialStones":[],"moves":[],"rules":"tromp-taylor","komi":7.5,"boardXSize":7,"boardYSize":13,"overrideSettings":{"maxVisits":10},"includeMovesOwnership":true,"includeOwnership":true}
: Request: {"id":"rect3","initialStones":[],"moves":[],"rules":"tromp-taylor","komi":7.5,"boardXSize":7,"boardYSize":13,"overrideSettings":{"maxVisits":20},"includeMovesOwnership":true,"includeOwnership":true}
: Request: {"id":"rect4","initialStones":[],"moves":[],"rules":"tromp-taylor","komi":7.5,"boardXSize":7,"boardYSize":13,"overrideSettings":{"maxVisits":20},"includeMovesOwnershipStdev":true,"includeOwnershipStdev":true}
: MoveNum: 0 HASH: CDCBC1F514D7E680FACD226074256633
   A B C D E F G H J K L M N O P Q R S T
19 . . . . . . . . . . . . . . . . . . .
18 . . . . . . . . . . . . . . . . . . .
17 . . . . . . . . . . . . . . . . . . .
16 . . . . . . . . . . . . . . . . . . .
15 . . . . . . . . . . . . . . . . . . .
14 . . . . . . . . . . . . . . . . . . .
13 . . . . . . . . . . . . . . . . . . .
12 . . . . . . . . . . . . . . . . . . .
11 . . . . . . . . . . . . . . . . . . .
10 . . . . . . . . . . . . . . . . . . .
 9 . . . . . . . . . . . . . . . . . . .
 8 . . . . . . . . . . . . . . . . . . .
 7 . . . . . . . . . . . . . . . . . . .
 6 . . . . . . . . . . . . . . . . . . .
 5 . . . . . . . . . . . . . . . . . . .
 4 . . . . . . . . . . . . . . . . . . .
 3 . . . . . . . . . . . . . . . . . . .
 2 . . . . . . . . . . . . . . . . . . .
 1 . . . . . . . . . . . . . . . . . . .

koPOSITIONALscoreAREAtaxNONEsui1komi7.5
Root visits: 10
New playouts: 10
NN rows: 10
NN batches: 10
NN avg batch size: 1
PV: R16 D3 C16
Tree:
: T  -0.54c W  -1.22c S   0.10c ( -0.2 L  -0.1) N      10  --  R16 D3 C16
---Black(^)---
R16 : T   0.58c W  -0.42c S   0.24c ( +0.0 L  +0.0) LCB  -94.97c P  7.34% WF   4.0 PSV       4 N       4  --  R16 D3 C16
Q16 : T  -0.81c W  -1.54c S   0.08c ( -0.2 L  -0.1) LCB  -81.37c P  3.90% WF   4.0 PSV       1 N       4  --  Q16 D3 D17
R17 : T   1.02c W   1.14c S  -0.12c ( -0.5 L  -1.0) LCB -280.00c P  1.71% WF   1.0 PSV       1 N       1  --  R17

: Response: {"id":"empty","isDuringSearch":false,"moveInfos":[{"lcb":0.156628673,"move":"R16","order":0,"prior":0.0734456331,"pv":["R16","D3","C16"],"scoreLead":0.0297837451,"scoreMean":0.0297837451,"scoreSelfplay":0.0215438192,"scoreStdev":30.6678254,"utility":0.00582969428,"utilityLcb":-0.949665476,"visits":4,"winrate":0.497876948},{"isSymmetryOf":"R16","lcb":0.156628673,"move":"R4","order":1,"prior":0.0734456331,"pv":["R4","D17","C4"],"scoreLead":0.0297837451,"scoreMean":0.0297837451,"scoreSelfplay":0.0215438192,"scoreStdev":30.6678254,"utility":0.00582969428,"utilityLcb":-0.949665476,"visits":4,"winrate":0.497876948},{"isSymmetryOf":"R16","lcb":0.156628673,"move":"C16","order":2,"prior":0.0734456331,"pv":["C16","Q3","R16"],"scoreLead":0.0297837451,"scoreMean":0.0297837451,"scoreSelfplay":0.0215438192,"scoreStdev":30.6678254,"utility":0.00582969428,"utilityLcb":-0.949665476,"visits":4,"winrate":0.497876948},{"isSymmetryOf":"R16","lcb":0.156628673,"move":"C4","order":3,"prior":0.0734456331,"pv":["C4","Q17","R4"],"scoreLead":0.0297837451,"scoreMean":0.0297837451,"scoreSelfplay":0.0215438192,"scoreStdev":30.6678254,"utility":0.00582969428,"utilityLcb":-0.949665476,"visits":4,"winrate":0.497876948},{"isSymmetryOf":"R16","lcb":0.156628673,"move":"D3","order":4,"prior":0.0734456331,"pv":["D3","R16","D17"],"scoreLead":0.0297837451,"scoreMean":0.0297837451,"scoreSelfplay":0.0215438192,"scoreStdev":30.6678254,"utility":0.00582969428,"utilityLcb":-0.949665476,"visits":4,"winrate":0.497876948},{"isSymmetryOf":"R16","lcb":0.156628673,"move":"Q3","order":5,"prior":0.0734456331,"pv":["Q3","C16","Q17"],"scoreLead":0.0297837451,"scoreMean":0.0297837451,"scoreSelfplay":0.0215438192,"scoreStdev":30.6678254,"utility":0.00582969428,"utilityLcb":-0.949665476,"visits":4,"winrate":0.497876948},{"isSymmetryOf":"R16","lcb":0.156628673,"move":"D17","order":6,"prior":0.0734456331,"pv":["D17","R4","D3"],"scoreLead":0.0297837451,"scoreMean":0.0297837451,"scoreSelfplay":0.0215438192,"scoreStdev":30.6678254,"utility":0.00582969428,"utilityLcb":-0.949665476,"visits":4,"winrate":0.497876948},{"isSymmetryOf":"R16","lcb":0.156628673,"move":"Q17","order":7,"prior":0.0734456331,"pv":["Q17","C4","Q3"],"scoreLead":0.0297837451,"scoreMean":0.0297837451,"scoreSelfplay":0.0215438192,"scoreStdev":30.6678254,"utility":0.00582969428,"utilityLcb":-0.949665476,"visits":4,"winrate":0.497876948},{"lcb":0.204551836,"move":"Q16","order":8,"prior":0.0390467197,"pv":["Q16","D3","D17"],"scoreLead":-0.118698461,"scoreMean":-0.118698461,"scoreSelfplay":-0.204513007,"scoreStdev":30.6880691,"utility":-0.00806129518,"utilityLcb":-0.813718622,"visits":4,"winrate":0.492286595},{"isSymmetryOf":"Q16","lcb":0.204551836,"move":"Q4","order":9,"prior":0.0390467197,"pv":["Q4","D17","D3"],"scoreLead":-0.118698461,"scoreMean":-0.118698461,"scoreSelfplay":-0.204513007,"scoreStdev":30.6880691,"utility":-0.00806129518,"utilityLcb":-0.813718622,"visits":4,"winrate":0.492286595},{"isSymmetryOf":"Q16","lcb":0.204551836,"move":"D16","order":10,"prior":0.0390467197,"pv":["D16","Q3","Q17"],"scoreLead":-0.118698461,"scoreMean":-0.118698461,"scoreSelfplay":-0.204513007,"scoreStdev":30.6880691,"utility":-0.00806129518,"utilityLcb":-0.813718622,"visits":4,"winrate":0.492286595},{"isSymmetryOf":"Q16","lcb":0.204551836,"move":"D4","order":11,"prior":0.0390467197,"pv":["D4","Q17","Q3"],"scoreLead":-0.118698461,"scoreMean":-0.118698461,"scoreSelfplay":-0.204513007,"scoreStdev":30.6880691,"utility":-0.00806129518,"utilityLcb":-0.813718622,"visits":4,"winrate":0.492286595},{"lcb":-0.494279981,"move":"R17","order":12,"prior":0.0171155836,"pv":["R17"],"scoreLead":-1.03544903,"scoreMean":-1.03544903,"scoreSelfplay":-0.513454974,"scoreStdev":31.279755,"utility":0.0101954564,"utilityLcb":-2.8,"visits":1,"winrate":0.505720019},{"isSymmetryOf":"R17","lcb":-0.494279981,"move":"R3","order":13,"prior":0.0171155836,"pv":["R3"],"scoreLead":-1.03544903,"scoreMean":-1.03544903,"scoreSelfplay":-0.513454974,"scoreStdev":31.279755,"utility":0.0101954564,"utilityLcb":-2.8,"visits":1,"winrate":0.505720019},{"isSymmetryOf":"R17","lcb":-0.494279981,"move":"C17","order":14,"prior":0.0171155836,"pv":["C17"],"scoreLead":-1.03544903,"scoreMean":-1.03544903,"scoreSelfplay":-0.513454974,"scoreStdev":31.279755,"utility":0.0101954564,"utilityLcb":-2.8,"visits":1,"winrate":0.505720019},{"isSymmetryOf":"R17","lcb":-0.494279981,"move":"C3","order":15,"prior":0.0171155836,"pv":["C3"],"scoreLead":-1.03544903,"scoreMean":-1.03544903,"scoreSelfplay":-0.513454974,"scoreStdev":31.279755,"utility":0.0101954564,"utilityLcb":-2.8,"visits":1,"winrate":0.505720019}],"rootInfo":{"currentPlayer":"B","scoreLead":-0.152634882,"scoreSelfplay":-0.161524267,"scoreStdev":30.8396523,"symHash":"47E1EBDAE69A5DED3FF8DB1FA4E91845","thisHash":"47E1EBDAE69A5DED3FF8DB1FA4E91845","utility":-0.00437151293,"visits":10,"winrate":0.494580232},"turnNumber":0}
: MoveNum: 1 HASH: 20D027FF3D8F63642B79C3F658C233F1
   A B C D E F G H J K L M N O P Q R S T
19 . . . . . . . . . . . . . . . . . . .
18 . . . . . . . . . . . . . . . . . . .
17 . . . . . . . . . . . . . . . . . . .
16 . . . . . . . . . . . . . . . . . . .
15 . . . . . . . . . . . . . . . . . . .
14 . . . . . . . . . . . . . . . . . . .
13 . . . . . . . . . . . . . . . . . . .
12 . . . . . . . . . . . . . . . . . . .
11 . . . . . . . . . . . . . . . . . . .
10 . . . . . . . . . . . . . . . . . . .
 9 . . . . . . . . . . . . . . . . . . .
 8 . . . . . . . . . . . . . . . . . . .
 7 . . . . . . . . . . . . . . . . . . .
 6 . . . . . . . . . . . . . . . . . . .
 5 . . . . . . . . . . . . . . . . . . .
 4 . . . X1. . . . . . . . . . . . . . .
 3 . . . . . . . . . . . . . . . . . . .
 2 . . . . . . . . . . . . . . . . . . .
 1 . . . . . . . . . . . . . . . . . . .

koPOSITIONALscoreAREAtaxNONEsui1komi7.5
Root visits: 10
New playouts: 10
NN rows: 20
NN batches: 20
NN avg batch size: 1
PV: Q17 D17
Tree:
: T  -0.78c W  -1.75c S  -0.05c ( -0.2 L  -0.0) N      10  --  Q17 D17
---White(v)---
Q17 : T  -0.45c W  -1.59c S  -0.02c ( -0.2 L  -0.0) LCB  280.00c P 11.00% WF   2.0 PSV       2 N       2  --  Q17 D17
D17 : T  -0.82c W  -2.15c S  -0.09c ( -0.3 L  -0.0) LCB  280.00c P 10.94% WF   2.0 PSV       2 N       2  --  D17 Q3
C16 : T  -1.29c W  -2.51c S  -0.18c ( -0.4 L  -0.2) LCB  280.00c P  9.57% WF   2.0 PSV       2 N       2  --  C16 Q3
D16 : T  -0.30c W  -1.44c S   0.06c ( -0.1 L  +0.1) LCB  280.00c P  6.76% WF   2.0 PSV       1 N       2  --  D16 Q3
Q16 : T  -4.00c W  -4.03c S   0.04c ( -0.1 L  +0.6) LCB  280.00c P  6.56% WF   1.0 PSV       1 N       1  --  Q16

: Response: {"id":"diag","isDuringSearch":false,"moveInfos":[{"lcb":1.49203846,"move":"Q17","order":0,"prior":0.110049225,"pv":["Q17","D17"],"scoreLead":-0.00308863819,"scoreMean":-0.00308863819,"scoreSelfplay":-0.187264681,"scoreStdev":30.6467267,"utility":-0.00445461228,"utilityLcb":2.8,"visits":2,"winrate":0.492038459},{"isSymmetryOf":"Q17","lcb":1.49203846,"move":"R16","order":1,"prior":0.110049225,"pv":["R16","R4"],"scoreLead":-0.00308863819,"scoreMean":-0.00308863819,"scoreSelfplay":-0.187264681,"scoreStdev":30.6467267,"utility":-0.00445461228,"utilityLcb":2.8,"visits":2,"winrate":0.492038459},{"lcb":1.48925015,"move":"D17","order":2,"prior":0.109419227,"pv":["D17","Q3"],"scoreLead":-0.0166879576,"scoreMean":-0.0166879576,"scoreSelfplay":-0.296981335,"scoreStdev":30.5942213,"utility":-0.00819290891,"utilityLcb":2.8,"visits":2,"winrate":0.489250153},{"isSymmetryOf":"D17","lcb":1.48925015,"move":"R4","order":3,"prior":0.109419227,"pv":["R4","C16"],"scoreLead":-0.0166879576,"scoreMean":-0.0166879576,"scoreSelfplay":-0.296981335,"scoreStdev":30.5942213,"utility":-0.00819290891,"utilityLcb":2.8,"visits":2,"winrate":0.489250153},{"lcb":1.48745295,"move":"C16","order":4,"prior":0.0956601426,"pv":["C16","Q3"],"scoreLead":-0.176731646,"scoreMean":-0.176731646,"scoreSelfplay":-0.422700197,"scoreStdev":30.5052812,"utility":-0.0128811463,"utilityLcb":2.8,"visits":2,"winrate":0.487452947},{"isSymmetryOf":"C16","lcb":1.48745295,"move":"Q3","order":5,"prior":0.0956601426,"pv":["Q3","C16"],"scoreLead":-0.176731646,"scoreMean":-0.176731646,"scoreSelfplay":-0.422700197,"scoreStdev":30.5052812,"utility":-0.0128811463,"utilityLcb":2.8,"visits":2,"winrate":0.487452947},{"lcb":1.49282465,"move":"D16","order":6,"prior":0.067555584,"pv":["D16","Q3"],"scoreLead":0.0863049254,"scoreMean":0.0863049254,"scoreSelfplay":-0.0820800662,"scoreStdev":30.5031773,"utility":-0.00295946194,"utilityLcb":2.8,"visits":2,"winrate":0.492824651},{"isSymmetryOf":"D16","lcb":1.49282465,"move":"Q4","order":7,"prior":0.067555584,"pv":["Q4","C16"],"scoreLead":0.0863049254,"scoreMean":0.0863049254,"scoreSelfplay":-0.0820800662,"scoreStdev":30.5031773,"utility":-0.00295946194,"utilityLcb":2.8,"visits":2,"winrate":0.492824651},{"lcb":1.4798377,"move":"Q16","order":8,"prior":0.0655756816,"pv":["Q16"],"scoreLead":0.555858612,"scoreMean":0.555858612,"scoreSelfplay":-0.110625625,"scoreStdev":30.2264015,"utility":-0.0399541205,"utilityLcb":2.8,"visits":1,"winrate":0.479837701}],"rootInfo":{"currentPlayer":"W","scoreLead":-0.0324747037,"scoreSelfplay":-0.250749621,"scoreStdev":30.626039,"symHash":"04463BE482B52BD708FC9C247BE1C910","thisHash":"F311E6CDDDBBBFD412598613901B8E82","utility":-0.00832631923,"visits":10,"winrate":0.491105491},"turnNumber":1}
: MoveNum: 1 HASH: 399178EAA13E7B3665350D3C481B629B
   A B C D E F G H J K L M N O P Q R S T
19 . . . . . . . . . . . . . . . . . . .
18 . . . . . . . . . . . . . . . . . . .
17 . . . . . . . . . . . . . . . . . . .
16 . . . . . . . . . . . . . . . . . . .
15 . . . . . . . . . . . . . . . . . . .
14 . . . . . . . . . . . . . . . . . . .
13 . . . . . . . . . . . . . . . . . . .
12 . . . . . . . . . . . . . . . . . . .
11 . . . . . . . . . . . . . . . . . . .
10 . . . . . . . . . . . . . . . . . . .
 9 . . . . . . . . . . . . . . . . . . .
 8 . . . . . . . . . . . . . . . . . . .
 7 . . . . . . . . . . . . . . . . . . .
 6 . . . . . . . . . . . . . . . . . . .
 5 . . . . . . . . . . . . . . . . . . .
 4 . . . . . . . . . . . . . . . . . . .
 3 . . . X1. . . . . . . . . . . . . . .
 2 . . . . . . . . . . . . . . . . . . .
 1 . . . . . . . . . . . . . . . . . . .

koPOSITIONALscoreAREAtaxNONEsui1komi7.5
Root visits: 10
New playouts: 10
NN rows: 30
NN batches: 30
NN avg batch size: 1
PV: R16 C16 Q3
Tree:
: T   1.01c W   0.34c S  -0.09c ( +0.3 L  +0.3) N      10  --  R16 C16 Q3
---White(v)---
R16 : T  -0.56c W  -0.44c S  -0.13c ( +0.2 L  +0.4) LCB  215.14c P 13.22% WF   3.0 PSV       3 N       3  --  R16 C16 Q3
Q3  : T   0.68c W  -0.32c S  -0.17c ( +0.2 L  +0.2) LCB  280.00c P 11.83% WF   2.0 PSV       2 N       2  --  Q3 C16
R4  : T   1.52c W   0.25c S  -0.02c ( +0.4 L  +0.4) LCB  280.00c P 11.67% WF   2.0 PSV       2 N       2  --  R4 C16
Q17 : T   1.37c W   0.14c S  -0.15c ( +0.2 L  +0.3) LCB  280.00c P 10.47% WF   2.0 PSV       2 N       2  --  Q17 C16

: Response: {"id":"nosym","isDuringSearch":false,"moveInfos":[{"lcb":1.26818582,"move":"R16","order":0,"prior":0.132205307,"pv":["R16","C16","Q3"],"scoreLead":0.390972849,"scoreMean":0.390972849,"scoreSelfplay":0.213870505,"scoreStdev":30.4433297,"utility":-0.00559626374,"utilityLcb":2.1514356,"visits":3,"winrate":0.497817298},{"lcb":1.49838217,"move":"Q3","order":1,"prior":0.118326589,"pv":["Q3","C16"],"scoreLead":0.222920636,"scoreMean":0.222920636,"scoreSelfplay":0.16329959,"scoreStdev":30.4161792,"utility":0.00683116406,"utilityLcb":2.8,"visits":2,"winrate":0.498382166},{"lcb":1.50123569,"move":"R4","order":2,"prior":0.116677225,"pv":["R4","C16"],"scoreLead":0.389616296,"scoreMean":0.389616296,"scoreSelfplay":0.375848562,"scoreStdev":30.4517947,"utility":0.0151906776,"utilityLcb":2.8,"visits":2,"winrate":0.501235686},{"lcb":1.50068925,"move":"Q17","order":3,"prior":0.104730144,"pv":["Q17","C16"],"scoreLead":0.263420947,"scoreMean":0.263420947,"scoreSelfplay":0.189375728,"scoreStdev":30.5828497,"utility":0.013722405,"utilityLcb":2.8,"visits":2,"winrate":0.500689246}],"rootInfo":{"currentPlayer":"W","scoreLead":0.316653726,"scoreSelfplay":0.271769911,"scoreStdev":30.5533575,"symHash":"225996804284D28C9BE63B2B78A822B9","thisHash":"EA50B9D8410AA7865C1548D980C2DFE8","utility":0.0101677589,"visits":10,"winrate":0.50168436},"turnNumber":1}
: MoveNum: 0 HASH: 545A4B53BACA7FA667B92AA2D42F022D
   A B C D E F G H J K L M N
 7 . . . . . . . . . . . . .
 6 . . . . . . . . . . . . .
 5 . . . . . . . . . . . . .
 4 . . . . . . . . . . . . .
 3 . . . . . . . . . . . . .
 2 . . . . . . . . . . . . .
 1 . . . . . . . . . . . . .

koPOSITIONALscoreAREAtaxNONEsui1komi7.5
Root visits: 10
New playouts: 10
NN rows: 40
NN batches: 40
NN avg batch size: 1
PV: K4 D4 C4 C3 C5 B3
Tree:
: T  -9.17c W  -7.76c S  -1.07c ( -0.4 L  -0.3) N      10  --  K4 D4 C4 C3 C5 B3
---Black(^)---
K4  : T -10.74c W  -9.15c S  -1.23c ( -0.5 L  -0.4) LCB  -42.37c P 45.32% WF   9.0 PSV       9 N       9  --  K4 D4 C4 C3 C5 B3

: Response: {"id":"rect","isDuringSearch":false,"moveInfos":[{"lcb":0.34130766,"move":"K4","order":0,"ownership":[0.029138,0.004793,-0.069832,-0.059308,-0.078096,-0.045652,0.039323,0.092696,0.189131,0.230537,0.239434,0.263743,0.230307,0.067119,0.060178,-0.051845,-0.082585,-0.114127,-0.016588,0.060003,0.111868,0.239326,0.256917,0.279707,0.233762,0.257999,-0.037741,0.066287,0.045272,-0.264129,-0.120149,-0.00406,0.098658,0.139028,0.332136,0.438116,0.250233,0.225803,0.229004,-0.066348,-0.00032,0.325955,-0.843706,-0.288441,-0.012545,0.083364,0.195169,0.323876,0.890909,0.415018,0.216458,0.198767,-0.09807,-0.158424,-0.489835,-0.40621,-0.286215,-0.021094,0.070003,0.122654,0.357932,0.458671,0.293372,0.256457,0.206559,-0.179549,-0.245189,-0.298486,-0.27434,-0.197478,-0.051106,-0.003856,0.08583,0.24377,0.252583,0.302029,0.223596,0.223262,-0.0775,-0.235886,-0.225038,-0.227054,-0.120633,-0.08595,0.036095,0.126681,0.196091,0.217201,0.232675,0.288907,0.242505],"prior":0.453200638,"pv":["K4","D4","C4","C3","C5","B3"],"scoreLead":-0.41235786,"scoreMean":-0.41235786,"scoreSelfplay":-0.471751202,"scoreStdev":13.4564575,"utility":-0.10743599,"utilityLcb":-0.423724189,"visits":9,"winrate":0.454267731},{"isSymmetryOf":"K4","lcb":0.34130766,"move":"D4","order":1,"ownership":[0.230307,0.263743,0.239434,0.230537,0.189131,0.092696,0.039323,-0.045652,-0.078096,-0.059308,-0.069832,0.004793,0.029138,0.257999,0.233762,0.279707,0.256917,0.239326,0.111868,0.060003,-0.016588,-0.114127,-0.082585,-0.051845,0.060178,0.067119,0.229004,0.225803,0.250233,0.438116,0.332136,0.139028,0.098658,-0.00406,-0.120149,-0.264129,0.045272,0.066287,-0.037741,0.198767,0.216458,0.415018,0.890909,0.323876,0.195169,0.083364,-0.012545,-0.288441,-0.843706,0.325955,-0.00032,-0.066348,0.206559,0.256457,0.293372,0.458671,0.357932,0.122654,0.070003,-0.021094,-0.286215,-0.40621,-0.489835,-0.158424,-0.09807,0.223262,0.223596,0.302029,0.252583,0.24377,0.08583,-0.003856,-0.051106,-0.197478,-0.27434,-0.298486,-0.245189,-0.179549,0.242505,0.288907,0.232675,0.217201,0.196091,0.126681,0.036095,-0.08595,-0.120633,-0.227054,-0.225038,-0.235886,-0.0775],"prior":0.453200638,"pv":["D4","K4","L4","L3","L5","M3"],"scoreLead":-0.41235786,"scoreMean":-0.41235786,"scoreSelfplay":-0.471751202,"scoreStdev":13.4564575,"utility":-0.10743599,"utilityLcb":-0.423724189,"visits":9,"winrate":0.454267731}],"ownership":[0.030701,0.005943,-0.054823,-0.051671,-0.065765,-0.037483,0.037477,0.084289,0.171963,0.210695,0.221147,0.245015,0.22033,0.066684,0.05232,-0.040277,-0.068113,-0.095797,-0.008021,0.059838,0.107217,0.223022,0.237631,0.264674,0.22425,0.241816,-0.030107,0.067211,0.061304,-0.217273,-0.084837,0.007533,0.097702,0.139276,0.324943,0.418089,0.251607,0.215474,0.217667,-0.058392,0.005015,0.302573,-0.745369,-0.252738,-0.007967,0.076504,0.18148,0.305925,0.823026,0.381614,0.198248,0.184504,-0.08146,-0.134185,-0.422131,-0.35428,-0.241386,-0.012149,0.06806,0.12042,0.343174,0.425436,0.278162,0.238954,0.192199,-0.154377,-0.226004,-0.261655,-0.241344,-0.171744,-0.04218,-0.001091,0.080768,0.224382,0.230786,0.277144,0.200347,0.205456,-0.059024,-0.211109,-0.196792,-0.197701,-0.103444,-0.074977,0.033041,0.113704,0.178461,0.197909,0.211655,0.263196,0.225959],"rootInfo":{"currentPlayer":"B","scoreLead":-0.296805721,"scoreSelfplay":-0.369783129,"scoreStdev":13.6252116,"symHash":"8BC74662B7D456891A877976DC0B2EB9","thisHash":"DE70617C4887C4CBA28CD3DD04E37C5B","utility":-0.091700027,"visits":10,"winrate":0.461208667},"turnNumber":0}
: MoveNum: 0 HASH: 01ED6C4D4599EDE4DFB280090CC750CF
   A B C D E F G
13 . . . . . . .
12 . . . . . . .
11 . . . . . . .
10 . . . . . . .
 9 . . . . . . .
 8 . . . . . . .
 7 . . . . . . .
 6 . . . . . . .
 5 . . . . . . .
 4 . . . . . . .
 3 . . . . . . .
 2 . . . . . . .
 1 . . . . . . .

koPOSITIONALscoreAREAtaxNONEsui1komi7.5
Root visits: 10
New playouts: 10
NN rows: 50
NN batches: 50
NN avg batch size: 1
PV: D10 D4 D3 E3 C3 E2
Tree:
: T  -5.18c W  -5.25c S  -1.19c ( -0.3 L  -0.2) N      10  --  D10 D4 D3 E3 C3 E2
---Black(^)---
D10 : T  -6.62c W  -6.65c S  -1.37c ( -0.4 L  -0.4) LCB  -55.09c P 47.48% WF   9.0 PSV       9 N       9  --  D10 D4 D3 E3 C3 E2

: Response: {"id":"rect2","isDuringSearch":false,"moveInfos":[{"lcb":0.29362245,"move":"D10","order":0,"ownership":[0.259811,0.27115,0.258804,0.249017,0.268395,0.307335,0.231543,0.281699,0.236431,0.311735,0.236145,0.281155,0.259017,0.25667,0.258591,0.246553,0.270214,0.458764,0.268869,0.264772,0.212049,0.209644,0.270105,0.489277,0.892246,0.443333,0.274784,0.179608,0.163055,0.187798,0.335984,0.314528,0.337896,0.20488,0.152452,0.104101,0.107293,0.100704,0.171086,0.110646,0.105089,0.117978,-0.000642,0.006551,0.041894,0.072554,0.017617,0.061758,-8.1e-05,-0.061696,-0.030597,-0.039295,-0.04378,-0.041679,-0.029938,-0.123102,-0.094037,-0.111101,-0.092285,-0.309666,-0.196601,-0.211866,-0.183816,-0.082199,-0.068666,-0.224999,-0.832902,-0.460097,-0.320123,-0.257946,-0.085186,-0.0024,0.109431,0.316654,-0.486894,-0.279509,-0.246066,-0.042515,0.106468,0.044053,0.055614,-0.182643,-0.231488,-0.234162,-0.00542,0.100844,0.03332,-0.106813,-0.03047,-0.13474,-0.149253],"prior":0.474777013,"pv":["D10","D4","D3","E3","C3","E2"],"scoreLead":-0.360331981,"scoreMean":-0.360331981,"scoreSelfplay":-0.378978613,"scoreStdev":13.7970403,"utility":-0.0661757389,"utilityLcb":-0.550905161,"visits":9,"winrate":0.466740101},{"isSymmetryOf":"D10","lcb":0.29362245,"move":"D4","order":1,"ownership":[-0.00542,0.100844,0.03332,-0.106813,-0.03047,-0.13474,-0.149253,-0.042515,0.106468,0.044053,0.055614,-0.182643,-0.231488,-0.234162,-0.085186,-0.0024,0.109431,0.316654,-0.486894,-0.279509,-0.246066,-0.082199,-0.068666,-0.224999,-0.832902,-0.460097,-0.320123,-0.257946,-0.094037,-0.111101,-0.092285,-0.309666,-0.196601,-0.211866,-0.183816,-0.061696,-0.030597,-0.039295,-0.04378,-0.041679,-0.029938,-0.123102,-0.000642,0.006551,0.041894,0.072554,0.017617,0.061758,-8.1e-05,0.104101,0.107293,0.100704,0.171086,0.110646,0.105089,0.117978,0.163055,0.187798,0.335984,0.314528,0.337896,0.20488,0.152452,0.209644,0.270105,0.489277,0.892246,0.443333,0.274784,0.179608,0.258591,0.246553,0.270214,0.458764,0.268869,0.264772,0.212049,0.281699,0.236431,0.311735,0.236145,0.281155,0.259017,0.25667,0.259811,0.27115,0.258804,0.249017,0.268395,0.307335,0.231543],"prior":0.474777013,"pv":["D4","D10","D11","E11","C11","E12"],"scoreLead":-0.360331981,"scoreMean":-0.360331981,"scoreSelfplay":-0.378978613,"scoreStdev":13.7970403,"utility":-0.0661757389,"utilityLcb":-0.550905161,"visits":9,"winrate":0.466740101}],"ownership":[0.239249,0.249787,0.24639,0.228995,0.257515,0.28981,0.223404,0.261636,0.211473,0.290182,0.218903,0.271183,0.247953,0.23988399999999999,0.235989,0.228565,0.266316,0.427572,0.265575,0.247848,0.202475,0.192513,0.249556,0.459089,0.824707,0.414982,0.255987,0.170235,0.152524,0.174531,0.322363,0.295755,0.322795,0.195293,0.143925,0.099178,0.099533,0.101018,0.160049,0.107578,0.102106,0.109953,0.004621,0.007555,0.043004,0.067876,0.020176,0.06252,0.001318,-0.050097,-0.024474,-0.024546,-0.033637,-0.028399,-0.019256,-0.10927,-0.078533,-0.095517,-0.062567,-0.269776,-0.15721,-0.183716,-0.160893,-0.069224,-0.057311,-0.184587,-0.736691,-0.401089,-0.28556,-0.227869,-0.069621,0.005527,0.117838,0.286969,-0.426407,-0.248353,-0.21831,-0.029526,0.091064,0.046817,0.050506,-0.157272,-0.208588,-0.210255,0.007225,0.09163,0.036157,-0.091748,-0.021654,-0.112946,-0.124749],"rootInfo":{"currentPlayer":"B","scoreLead":-0.229889764,"scoreSelfplay":-0.255081967,"scoreStdev":13.9395296,"symHash":"8BC74662B7D456891A877976DC0B2EB9","thisHash":"8BC74662B7D456891A877976DC0B2EB9","utility":-0.0518069314,"visits":10,"winrate":0.47374073},"turnNumber":0}
: MoveNum: 0 HASH: 01ED6C4D4599EDE4DFB280090CC750CF
   A B C D E F G
13 . . . . . . .
12 . . . . . . .
11 . . . . . . .
10 . . . . . . .
 9 . . . . . . .
 8 . . . . . . .
 7 . . . . . . .
 6 . . . . . . .
 5 . . . . . . .
 4 . . . . . . .
 3 . . . . . . .
 2 . . . . . . .
 1 . . . . . . .

koPOSITIONALscoreAREAtaxNONEsui1komi7.5
Root visits: 20
New playouts: 20
NN rows: 60
NN batches: 60
NN avg batch size: 1
PV: D10 D4 D3 E3 C3 E2 C5 C4 B4
Tree:
: T  -4.34c W  -4.29c S  -1.28c ( -0.3 L  -0.2) N      20  --  D10 D4 D3 E3 C3 E2 C5
---Black(^)---
D10 : T  -3.96c W  -4.06c S  -1.26c ( -0.3 L  -0.2) LCB  -26.27c P 47.48% WF  18.1 PSV      18 N      18  --  D10 D4 D3 E3 C3 E2 C5 C4
D9  : T -25.47c W -21.87c S  -3.60c ( -1.9 L  -1.3) LCB -280.00c P  2.95% WF   0.9 PSV       0 N       1  --  D9

: Response: {"id":"rect3","isDuringSearch":false,"moveInfos":[{"lcb":0.40002298,"move":"D10","order":0,"ownership":[0.224461,0.23498,0.231846,0.221393,0.243728,0.272443,0.239737,0.264812,0.199341,0.283363,0.213891,0.252146,0.23134,0.242323,0.247989,0.249155,0.223275,0.402304,0.270448,0.266325,0.212217,0.228901,0.264144,0.499761,0.88922,0.454295,0.291454,0.202044,0.213727,0.232104,0.358336,0.380475,0.344027,0.231035,0.165161,0.192034,0.186349,0.155446,0.194724,0.147076,0.123015,0.121975,0.131863,0.141274,0.134418,0.137294,0.058147,0.074638,0.027845,0.119951,0.144918,0.114533,-0.026271,-0.051186,-0.040303,-0.079184,0.077731,0.124451,0.144458,-0.235537,-0.17469,-0.191603,-0.17177,0.10224,0.072637,-0.27642,-0.781116,-0.432884,-0.277114,-0.240725,0.058018,0.063324,0.080852,0.392092,-0.442133,-0.307173,-0.250061,0.081382,0.075886,-0.01476,-0.110177,-0.381962,-0.31921,-0.266052,0.035527,0.060775,-0.021201,-0.105894,-0.191479,-0.26455,-0.281962],"prior":0.474777013,"pv":["D10","D4","D3","E3","C3","E2","C5","C4","B4"],"scoreLead":-0.213837476,"scoreMean":-0.213837476,"scoreSelfplay":-0.295269726,"scoreStdev":13.6361683,"utility":-0.039553711,"utilityLcb":-0.262718549,"visits":18,"winrate":0.479724708},{"isSymmetryOf":"D10","lcb":0.40002298,"move":"D4","order":1,"ownership":[0.035527,0.060775,-0.021201,-0.105894,-0.191479,-0.26455,-0.281962,0.081382,0.075886,-0.01476,-0.110177,-0.381962,-0.31921,-0.266052,0.058018,0.063324,0.080852,0.392092,-0.442133,-0.307173,-0.250061,0.10224,0.072637,-0.27642,-0.781116,-0.432884,-0.277114,-0.240725,0.077731,0.124451,0.144458,-0.235537,-0.17469,-0.191603,-0.17177,0.119951,0.144918,0.114533,-0.026271,-0.051186,-0.040303,-0.079184,0.131863,0.141274,0.134418,0.137294,0.058147,0.074638,0.027845,0.192034,0.186349,0.155446,0.194724,0.147076,0.123015,0.121975,0.213727,0.232104,0.358336,0.380475,0.344027,0.231035,0.165161,0.228901,0.264144,0.499761,0.88922,0.454295,0.291454,0.202044,0.247989,0.249155,0.223275,0.402304,0.270448,0.266325,0.212217,0.264812,0.199341,0.283363,0.213891,0.252146,0.23134,0.242323,0.224461,0.23498,0.231846,0.221393,0.243728,0.272443,0.239737],"prior":0.474777013,"pv":["D4","D10","D11","E11","C11","E12","C9","C10","B10"],"scoreLead":-0.213837476,"scoreMean":-0.213837476,"scoreSelfplay":-0.295269726,"scoreStdev":13.6361683,"utility":-0.039553711,"utilityLcb":-0.262718549,"visits":18,"winrate":0.479724708},{"lcb":-0.609364524,"move":"D9","order":2,"ownership":[0.14369,0.166431,0.035857,0.039776,0.051545,0.116442,0.09777,0.167643,0.237465,0.099915,0.145821,0.070746,0.134107,0.16686,0.186324,0.107371,0.12894,0.071267,0.082168,0.113429,0.131115,0.256695,0.292452,0.324374,0.242948,0.257886,0.228984,0.178633,0.279548,0.240917,0.465153,0.828084,0.439928,0.234661,0.214349,0.265331,0.231443,0.223906,0.36351,0.246932,0.231741,0.183224,0.18833,0.116773,0.0722,0.09617,0.111457,0.094696,0.147464,0.131733,0.038906,-0.085078,0.036423,-0.038756,0.061521,0.100752,0.083979,0.018188,-0.244755,-0.11885,-0.194552,0.019124,0.05031,0.062221,0.001982,-0.200363,-0.293852,-0.201634,0.032619,0.02756,0.024367,-0.050278,-0.260885,-0.213345,-0.130236,0.010598,0.026092,0.033769,0.053077,-0.10796,-0.012433,-0.105659,0.003672,0.01306,0.070538,0.108381,0.025994,0.02887,0.004534,0.000811,0.011473],"prior":0.029463524,"pv":["D9"],"scoreLead":-1.29685163,"scoreMean":-1.29685163,"scoreSelfplay":-1.91758859,"scoreStdev":13.7578655,"utility":-0.254708979,"utilityLcb":-2.8,"visits":1,"winrate":0.390635476},{"isSymmetryOf":"D9","lcb":-0.609364524,"move":"D5","order":3,"ownership":[0.070538,0.108381,0.025994,0.02887,0.004534,0.000811,0.011473,0.033769,0.053077,-0.10796,-0.012433,-0.105659,0.003672,0.01306,0.024367,-0.050278,-0.260885,-0.213345,-0.130236,0.010598,0.026092,0.062221,0.001982,-0.200363,-0.293852,-0.201634,0.032619,0.02756,0.083979,0.018188,-0.244755,-0.11885,-0.194552,0.019124,0.05031,0.131733,0.038906,-0.085078,0.036423,-0.038756,0.061521,0.100752,0.18833,0.116773,0.0722,0.09617,0.111457,0.094696,0.147464,0.265331,0.231443,0.223906,0.36351,0.246932,0.231741,0.183224,0.279548,0.240917,0.465153,0.828084,0.439928,0.234661,0.214349,0.256695,0.292452,0.324374,0.242948,0.257886,0.228984,0.178633,0.186324,0.107371,0.12894,0.071267,0.082168,0.113429,0.131115,0.167643,0.237465,0.099915,0.145821,0.070746,0.134107,0.16686,0.14369,0.166431,0.035857,0.039776,0.051545,0.116442,0.09777],"prior":0.029463524,"pv":["D5"],"scoreLead":-1.29685163,"scoreMean":-1.29685163,"scoreSelfplay":-1.91758859,"scoreStdev":13.7578655,"utility":-0.254708979,"utilityLcb":-2.8,"visits":1,"winrate":0.390635476}],"ownership":[0.2155,0.22564,0.226732,0.212309,0.2393,0.265055,0.235023,0.255142,0.188157,0.273512,0.205987,0.248424,0.226973,0.234244,0.236651,0.239551,0.223694,0.388859,0.268632,0.257336,0.207169,0.218871,0.253642,0.483321,0.853833,0.438797,0.280683,0.19593,0.205518,0.22279,0.34999,0.367124,0.335756,0.224613,0.160004,0.184815,0.178103,0.15273,0.187671,0.143544,0.120501,0.117541,0.127659,0.134712,0.130133,0.131424,0.05736,0.074361,0.027112,0.116495,0.138903,0.114199,-0.021854,-0.043696,-0.034136,-0.074215,0.076851,0.120256,0.147639,-0.218444,-0.155111,-0.177854,-0.160339,0.099361,0.071176,-0.252444,-0.733204,-0.403259,-0.261187,-0.225801,0.058673,0.064037,0.086781,0.372498,-0.412653,-0.289319,-0.235243,0.081697,0.069388,-0.010209,-0.104139,-0.358119,-0.302541,-0.251791,0.040028,0.058035,-0.016838,-0.098014,-0.178365,-0.246248,-0.262081],"rootInfo":{"currentPlayer":"B","scoreLead":-0.152893915,"scoreSelfplay":-0.234466695,"scoreStdev":13.7204695,"symHash":"8BC74662B7D456891A877976DC0B2EB9","thisHash":"8BC74662B7D456891A877976DC0B2EB9","utility":-0.0333923401,"visits":20,"winrate":0.48272585},"turnNumber":0}
: MoveNum: 0 HASH: 01ED6C4D4599EDE4DFB280090CC750CF
   A B C D E F G
13 . . . . . . .
12 . . . . . . .
11 . . . . . . .
10 . . . . . . .
 9 . . . . . . .
 8 . . . . . . .
 7 . . . . . . .
 6 . . . . . . .
 5 . . . . . . .
 4 . . . . . . .
 3 . . . . . . .
 2 . . . . . . .
 1 . . . . . . .

koPOSITIONALscoreAREAtaxNONEsui1komi7.5
Root visits: 20
New playouts: 20
NN rows: 61
NN batches: 61
NN avg batch size: 1
PV: D10 D4 D3 E3 C3 E2 C5 C4 B4
Tree:
: T  -2.76c W  -3.09c S  -1.10c ( -0.2 L  -0.1) N      20  --  D10 D4 D3 E3 C3 E2 C5
---Black(^)---
D10 : T  -3.31c W  -3.64c S  -1.19c ( -0.2 L  -0.2) LCB  -24.18c P 47.48% WF  19.0 PSV      19 N      19  --  D10 D4 D3 E3 C3 E2 C5 C4

: Response: {"id":"rect4","isDuringSearch":false,"moveInfos":[{"lcb":0.407274198,"move":"D10","order":0,"ownershipStdev":[0.040911,0.035005,0.030696,0.039939,0.03036,0.056678,0.023477,0.025835,0.055658,0.036994,0.062769,0.051151,0.053168,0.026319,0.01868,0.045218,0.072826,0.087693,0.02179,0.030546,0.017647,0.046522,0.017681,0.020752,0.018241,0.009319,0.016631,0.032096,0.06853,0.053912,0.0742,0.063548,0.059542,0.022327,0.013201,0.123733,0.104646,0.079806,0.051442,0.036495,0.03016,0.018133,0.188231,0.164662,0.111416,0.073626,0.053256,0.055997,0.048305,0.260165,0.240876,0.216944,0.057181,0.095542,0.193856,0.121291,0.307782,0.378835,0.404809,0.077502,0.211001,0.223284,0.189888,0.380748,0.36358,0.199092,0.119409,0.20137,0.32513,0.274763,0.378537,0.41811,0.558276,0.252882,0.526713,0.396529,0.334334,0.399749,0.41136,0.380381,0.135856,0.436753,0.378162,0.332324,0.344828,0.362747,0.219416,0.149732,0.261221,0.362845,0.325593],"prior":0.474777013,"pv":["D10","D4","D3","E3","C3","E2","C5","C4","B4"],"scoreLead":-0.161955608,"scoreMean":-0.161955608,"scoreSelfplay":-0.240570208,"scoreStdev":13.5797286,"utility":-0.0331140611,"utilityLcb":-0.241816186,"visits":19,"winrate":0.481810671},{"isSymmetryOf":"D10","lcb":0.407274198,"move":"D4","order":1,"ownershipStdev":[0.344828,0.362747,0.219416,0.149732,0.261221,0.362845,0.325593,0.399749,0.41136,0.380381,0.135856,0.436753,0.378162,0.332324,0.378537,0.41811,0.558276,0.252882,0.526713,0.396529,0.334334,0.380748,0.36358,0.199092,0.119409,0.20137,0.32513,0.274763,0.307782,0.378835,0.404809,0.077502,0.211001,0.223284,0.189888,0.260165,0.240876,0.216944,0.057181,0.095542,0.193856,0.121291,0.188231,0.164662,0.111416,0.073626,0.053256,0.055997,0.048305,0.123733,0.104646,0.079806,0.051442,0.036495,0.03016,0.018133,0.06853,0.053912,0.0742,0.063548,0.059542,0.022327,0.013201,0.046522,0.017681,0.020752,0.018241,0.009319,0.016631,0.032096,0.01868,0.045218,0.072826,0.087693,0.02179,0.030546,0.017647,0.025835,0.055658,0.036994,0.062769,0.051151,0.053168,0.026319,0.040911,0.035005,0.030696,0.039939,0.03036,0.056678,0.023477],"prior":0.474777013,"pv":["D4","D10","D11","E11","C11","E12","C9","C10","B10"],"scoreLead":-0.161955608,"scoreMean":-0.161955608,"scoreSelfplay":-0.240570208,"scoreStdev":13.5797286,"utility":-0.0331140611,"utilityLcb":-0.241816186,"visits":19,"winrate":0.481810671}],"ownershipStdev":[0.053745,0.05087,0.03619,0.053339,0.034435,0.062419,0.029954,0.04687,0.070492,0.053681,0.068927,0.051787,0.054477,0.041697,0.049947,0.059348,0.071079,0.100611,0.022542,0.047369,0.026723,0.062151,0.04636,0.071556,0.147753,0.065049,0.047696,0.04053,0.075813,0.066147,0.080613,0.08416,0.0674,0.034632,0.025092,0.125185,0.108598,0.078905,0.058418,0.038744,0.031297,0.025651,0.184909,0.16367,0.110525,0.076331,0.051972,0.054581,0.047157,0.254519,0.236863,0.211584,0.058464,0.098987,0.191407,0.120289,0.300245,0.370291,0.394563,0.103035,0.222852,0.226297,0.192127,0.371777,0.354716,0.216502,0.23002,0.233533,0.32527,0.276201,0.369016,0.407592,0.544257,0.260406,0.530641,0.395167,0.333054,0.389729,0.402678,0.37089,0.13462,0.439687,0.376743,0.330674,0.336244,0.354094,0.214357,0.150061,0.261845,0.363625,0.32992],"rootInfo":{"currentPlayer":"B","scoreLead":-0.106653318,"scoreSelfplay":-0.185542305,"scoreStdev":13.6627609,"symHash":"8BC74662B7D456891A877976DC0B2EB9","thisHash":"8BC74662B7D456891A877976DC0B2EB9","utility":-0.0275827412,"visits":20,"winrate":0.484557458},"turnNumber":0}
: tests/models/g170-b6c96-s175395328-d26788732.bin.gz
: NN rows: 61
: NN batches: 61
: NN avg batch size: 1
: GPU -1 finishing, processed 61 rows 61 batches
: All cleaned up, quitting
