{"id":"empty","isDuringSearch":false,"moveInfos":[{"lcb":0.44000743169965617,"move":"R16","order":0,"prior":0.07344036549329758,"pv":["R16","Q3","C4","D17"],"scoreLead":0.14906804472103502,"scoreMean":0.14906804472103502,"scoreSelfplay":0.09816762502537642,"scoreStdev":30.573455879107446,"utility":0.0020622945452831855,"utilityLcb":-0.15821229174288368,"visits":7,"winrate":0.49724835537400147},{"lcb":-0.5102337673306465,"move":"Q16","order":1,"prior":0.03903452679514885,"pv":["Q16","D3"],"scoreLead":-0.29955536872148514,"scoreMean":-0.29955536872148514,"scoreSelfplay":-0.43792054057121277,"scoreStdev":30.788276450803206,"utility":-0.021217539921443287,"utilityLcb":-2.8000000000000003,"visits":2,"winrate":0.4897662326693535}],"rootInfo":{"currentPlayer":"B","scoreLead":0.0791293187762449,"scoreSelfplay":-0.027538381385775284,"scoreStdev":30.671403405070947,"symHash":"47E1EBDAE69A5DED3FF8DB1FA4E91845","symmetriesUsed":[0,1,2,3,4,5,6,7],"thisHash":"47E1EBDAE69A5DED3FF8DB1FA4E91845","utility":-0.00697612379328657,"visits":10,"winrate":0.4936749807416114},"turnNumber":0}
{"id":"diag","isDuringSearch":false,"moveInfos":[{"lcb":1.1645459916502738,"move":"R4","order":0,"prior":0.13598155975341797,"pv":["R4","C16","Q17"],"scoreLead":0.2954399635394414,"scoreMean":0.2954399635394414,"scoreSelfplay":0.10963469743728638,"scoreStdev":30.352242928752965,"utility":-0.01712354324749199,"utilityLcb":1.8666361204207242,"visits":3,"winrate":0.4917746831973394},{"lcb":1.2692004891867814,"move":"R16","order":1,"prior":0.13561473786830902,"pv":["R16","C16","Q3"],"scoreLead":0.047546371817588806,"scoreMean":0.047546371817588806,"scoreSelfplay":-0.19394993782043457,"scoreStdev":30.43061451236246,"utility":-0.02586946473635068,"utilityLcb":2.1598974494901677,"visits":3,"winrate":0.48856944839159644},{"lcb":1.493158370256424,"move":"Q3","order":2,"prior":0.12579549849033356,"pv":["Q3","C16"],"scoreLead":0.09398572333157063,"scoreMean":0.09398572333157063,"scoreSelfplay":-0.06400763988494873,"scoreStdev":30.439863986653137,"utility":-0.0022921318918964952,"utilityLcb":2.8000000000000003,"visits":2,"winrate":0.49315837025642395},{"lcb":1.4798513650894165,"move":"Q16","order":3,"prior":0.06564339995384216,"pv":["Q16"],"scoreLead":0.5570611357688904,"scoreMean":0.5570611357688904,"scoreSelfplay":-0.10975301265716553,"scoreStdev":30.227418291691738,"utility":-0.03993014778918203,"utilityLcb":2.8000000000000003,"visits":1,"winrate":0.4798513650894165}],"rootInfo":{"currentPlayer":"W","scoreLead":0.12338307537138463,"scoreSelfplay":-0.07387953996658325,"scoreStdev":30.48719040636774,"symHash":"04463BE482B52BD708FC9C247BE1C910","symmetriesUsed":[0,7],"thisHash":"F311E6CDDDBBBFD412598613901B8E82","utility":-0.015433189139273523,"visits":10,"winrate":0.49170658290386204},"turnNumber":1}
{"id":"nosym","isDuringSearch":false,"moveInfos":[{"lcb":1.1583561734798584,"move":"Q3","order":0,"prior":0.11834221333265305,"pv":["Q3","C16","Q17"],"scoreLead":0.5150019290546576,"scoreMean":0.5150019290546576,"scoreSelfplay":0.3577365477879842,"scoreStdev":30.311036379804726,"utility":0.0021893661739263923,"utilityLcb":1.8468143307727907,"visits":3,"winrate":0.49956154326597846},{"lcb":1.1938483300804366,"move":"R4","order":1,"prior":0.11653460562229156,"pv":["R4","C16","Q17"],"scoreLead":0.5884626607100168,"scoreMean":0.5884626607100168,"scoreSelfplay":0.4630303382873535,"scoreStdev":30.36249633940716,"utility":0.0013695442639202852,"utilityLcb":1.9435056265553203,"visits":3,"winrate":0.5002283006906509},{"lcb":1.4994063079357147,"move":"R16","order":2,"prior":0.13222648203372955,"pv":["R16","C16"],"scoreLead":0.21192395128309727,"scoreMean":0.21192395128309727,"scoreSelfplay":0.11576279997825623,"scoreStdev":30.575908255103915,"utility":0.01116926866902075,"utilityLcb":2.8000000000000003,"visits":2,"winrate":0.4994063079357147},{"lcb":1.481392741203308,"move":"Q17","order":3,"prior":0.10477949678897858,"pv":["Q17"],"scoreLead":0.617871880531311,"scoreMean":0.617871880531311,"scoreSelfplay":0.05508333444595337,"scoreStdev":30.29958174322787,"utility":-0.03964467719675789,"utilityLcb":2.8000000000000003,"visits":1,"winrate":0.4813927412033081}],"rootInfo":{"currentPlayer":"W","scoreLead":0.45969605073332787,"scoreSelfplay":0.33720657229423523,"scoreStdev":30.477954943341963,"symHash":"225996804284D28C9BE63B2B78A822B9","symmetriesUsed":[0],"thisHash":"EA50B9D8410AA7865C1548D980C2DFE8","utility":0.004046271414230458,"visits":10,"winrate":0.5002404794096946},"turnNumber":1}
